Component: Arm Compiler for Embedded 6.23 Tool: armlink [5f102400]

==============================================================================

Section Cross References

    main.o(.ARM.exidx.text.ioInit) refers to main.o(.text.ioInit) for [Anonymous Symbol]
    main.o(.ARM.exidx.text.initTimers) refers to main.o(.text.initTimers) for [Anonymous Symbol]
    main.o(.ARM.exidx.text.delay) refers to main.o(.text.delay) for [Anonymous Symbol]
    main.o(.ARM.exidx.text.delayMs) refers to main.o(.text.delayMs) for [Anonymous Symbol]
    main.o(.text.smooth) refers to bezier.o(.text.linear) for linear
    main.o(.ARM.exidx.text.smooth) refers to main.o(.text.smooth) for [Anonymous Symbol]
    main.o(.text.main) refers to system_lpc11xx.o(.text.SystemInit) for SystemInit
    main.o(.text.main) refers to system_lpc11xx.o(.text.SystemCoreClockUpdate) for SystemCoreClockUpdate
    main.o(.text.main) refers to main.o(.text.ioInit) for ioInit
    main.o(.text.main) refers to uart.o(.text.UART_Init) for UART_Init
    main.o(.text.main) refers to uart.o(.text.UART_ReceiveInit) for UART_ReceiveInit
    main.o(.text.main) refers to modbus.o(.text.prepareModbusRegisters) for prepareModbusRegisters
    main.o(.text.main) refers to led_drive.o(.text.ledsOff) for ledsOff
    main.o(.text.main) refers to led_drive.o(.text.fillLedBar) for fillLedBar
    main.o(.text.main) refers to content.o(.text.selectContent) for selectContent
    main.o(.text.main) refers to modbus.o(.text.serialHandler) for serialHandler
    main.o(.text.main) refers to modbus.o(.text.modBusSend) for modBusSend
    main.o(.text.main) refers to segment_animate.o(.text.segmentsRender) for segmentsRender
    main.o(.text.main) refers to interrupts.o(.bss.receiveFlag) for receiveFlag
    main.o(.text.main) refers to main.o(.bss.t) for t
    main.o(.text.main) refers to main.o(.bss.resdly) for resdly
    main.o(.text.main) refers to interrupts.o(.bss.rxInterval) for rxInterval
    main.o(.text.main) refers to modbus.o(.bss.modbusSendPending) for modbusSendPending
    main.o(.text.main) refers to modbus.o(.bss.modbusSendBufferLen) for modbusSendBufferLen
    main.o(.text.main) refers to segment_animate.o(.bss.animationRunning) for animationRunning
    main.o(.text.main) refers to modbus.o(.bss.modbusReceived) for modbusReceived
    main.o(.text.main) refers to modbus.o(.bss.modbusRegisters) for modbusRegisters
    main.o(.text.main) refers to main.o(.bss.machineState) for machineState
    main.o(.text.main) refers to interrupts.o(.bss.secCount) for secCount
    main.o(.ARM.exidx.text.main) refers to main.o(.text.main) for [Anonymous Symbol]
    bezier.o(.ARM.exidx.text.setColor) refers to bezier.o(.text.setColor) for [Anonymous Symbol]
    bezier.o(.ARM.exidx.text.linear) refers to bezier.o(.text.linear) for [Anonymous Symbol]
    bezier.o(.ARM.exidx.text.quadratic) refers to bezier.o(.text.quadratic) for [Anonymous Symbol]
    bezier.o(.ARM.exidx.text.cubic) refers to bezier.o(.text.cubic) for [Anonymous Symbol]
    bezier.o(.text.cubicGradient) refers to bezier.o(.text.cubic) for cubic
    bezier.o(.ARM.exidx.text.cubicGradient) refers to bezier.o(.text.cubicGradient) for [Anonymous Symbol]
    bezier.o(.text.biCubicGradient) refers to bezier.o(.text.cubicGradient) for cubicGradient
    bezier.o(.ARM.exidx.text.biCubicGradient) refers to bezier.o(.text.biCubicGradient) for [Anonymous Symbol]
    test_scenes.o(.text.sceneNumber) refers to led_drive.o(.text.setGammaColor) for setGammaColor
    test_scenes.o(.text.sceneNumber) refers to led_drive.o(.text.fillLedBar) for fillLedBar
    test_scenes.o(.text.sceneNumber) refers to main.o(.text.delay) for delay
    test_scenes.o(.ARM.exidx.text.sceneNumber) refers to test_scenes.o(.text.sceneNumber) for [Anonymous Symbol]
    test_scenes.o(.text.scene1) refers to led_drive.o(.text.fillLedBar) for fillLedBar
    test_scenes.o(.text.scene1) refers to led_drive.o(.bss.led) for led
    test_scenes.o(.ARM.exidx.text.scene1) refers to test_scenes.o(.text.scene1) for [Anonymous Symbol]
    test_scenes.o(.text.scene2) refers to led_drive.o(.text.setGammaColor) for setGammaColor
    test_scenes.o(.text.scene2) refers to led_drive.o(.text.fillLedBar) for fillLedBar
    test_scenes.o(.text.scene2) refers to main.o(.text.delay) for delay
    test_scenes.o(.ARM.exidx.text.scene2) refers to test_scenes.o(.text.scene2) for [Anonymous Symbol]
    test_scenes.o(.text.scene3) refers to led_drive.o(.text.setGammaColor) for setGammaColor
    test_scenes.o(.text.scene3) refers to led_drive.o(.text.fillLedBar) for fillLedBar
    test_scenes.o(.text.scene3) refers to main.o(.text.delay) for delay
    test_scenes.o(.ARM.exidx.text.scene3) refers to test_scenes.o(.text.scene3) for [Anonymous Symbol]
    test_scenes.o(.text.bicubicScene1) refers to bezier.o(.text.setColor) for setColor
[...]
    sys_wrch.o(.text) refers (Special) to indicate_semi.o(.text) for __semihosting_library_function
    sys_wrch_hlt.o(.text) refers (Special) to use_no_semi.o(.text) for __I$use$semihosting
    sys_wrch_hlt.o(.text) refers (Special) to indicate_semi.o(.text) for __semihosting_library_function
    defsig.o(CL$$defsig) refers to defsig_fpe_inner.o(.text) for __rt_SIGFPE_inner
    defsig.o(CL$$defsig) refers to defsig_rtmem_inner.o(.text) for __rt_SIGRTMEM_inner
    _get_argv_nomalloc.o(.text) refers (Special) to hrguard.o(.text) for __heap_region$guard
    _get_argv_nomalloc.o(.text) refers to defsig_rtmem_outer.o(.text) for __rt_SIGRTMEM
    _get_argv_nomalloc.o(.text) refers to sys_command.o(.text) for _sys_command_string
    libshutdown.o(.ARM.Collect$$libshutdown$$00000000) refers (Special) to libshutdown2.o(.ARM.Collect$$libshutdown$$00000002) for __rt_lib_shutdown_cpp_1
    libshutdown.o(.ARM.Collect$$libshutdown$$00000000) refers (Special) to libshutdown2.o(.ARM.Collect$$libshutdown$$00000007) for __rt_lib_shutdown_fp_trap_1
    libshutdown.o(.ARM.Collect$$libshutdown$$00000000) refers (Special) to libshutdown2.o(.ARM.Collect$$libshutdown$$0000000F) for __rt_lib_shutdown_heap_1
    libshutdown.o(.ARM.Collect$$libshutdown$$00000000) refers (Special) to libshutdown2.o(.ARM.Collect$$libshutdown$$00000010) for __rt_lib_shutdown_return
    libshutdown.o(.ARM.Collect$$libshutdown$$00000000) refers (Special) to libshutdown2.o(.ARM.Collect$$libshutdown$$0000000A) for __rt_lib_shutdown_signal_1
    libshutdown.o(.ARM.Collect$$libshutdown$$00000000) refers (Special) to libshutdown2.o(.ARM.Collect$$libshutdown$$00000004) for __rt_lib_shutdown_stdio_1
    libshutdown.o(.ARM.Collect$$libshutdown$$00000000) refers (Special) to libshutdown2.o(.ARM.Collect$$libshutdown$$0000000C) for __rt_lib_shutdown_user_alloc_1
    sys_command.o(.text) refers (Special) to use_no_semi.o(.text) for __I$use$semihosting
    sys_command.o(.text) refers (Special) to indicate_semi.o(.text) for __semihosting_library_function
    sys_command_hlt.o(.text) refers (Special) to use_no_semi.o(.text) for __I$use$semihosting
    sys_command_hlt.o(.text) refers (Special) to indicate_semi.o(.text) for __semihosting_library_function
    defsig_abrt_inner.o(.text) refers to defsig_general.o(.text) for __default_signal_display
    defsig_rtred_inner.o(.text) refers to defsig_general.o(.text) for __default_signal_display
    defsig_rtmem_inner.o(.text) refers to defsig_general.o(.text) for __default_signal_display
    defsig_rtmem_outer.o(.text) refers to defsig_rtmem_inner.o(.text) for __rt_SIGRTMEM_inner
    defsig_rtmem_outer.o(.text) refers to defsig_exit.o(.text) for __sig_exit
    defsig_rtmem_formal.o(.text) refers to rt_raise.o(.text) for __rt_raise
    defsig_stak_inner.o(.text) refers to defsig_general.o(.text) for __default_signal_display
    defsig_pvfn_inner.o(.text) refers to defsig_general.o(.text) for __default_signal_display
    defsig_cppl_inner.o(.text) refers to defsig_general.o(.text) for __default_signal_display
    defsig_segv_inner.o(.text) refers to defsig_general.o(.text) for __default_signal_display
    defsig_other.o(.text) refers to defsig_general.o(.text) for __default_signal_display


==============================================================================

Removing Unused input sections from the image.

    Removing main.o(.text), (0 bytes).
    Removing main.o(.ARM.exidx.text.ioInit), (8 bytes).
    Removing main.o(.text.initTimers), (80 bytes).
    Removing main.o(.ARM.exidx.text.initTimers), (8 bytes).
    Removing main.o(.text.delay), (28 bytes).
    Removing main.o(.ARM.exidx.text.delay), (8 bytes).
    Removing main.o(.ARM.exidx.text.delayMs), (8 bytes).
    Removing main.o(.text.smooth), (66 bytes).
    Removing main.o(.ARM.exidx.text.smooth), (8 bytes).
    Removing main.o(.ARM.exidx.text.main), (8 bytes).
    Removing main.o(.bss.str), (64 bytes).
    Removing main.o(.ARM.use_no_argv), (4 bytes).
    Removing bezier.o(.text), (0 bytes).
    Removing bezier.o(.ARM.exidx.text.setColor), (8 bytes).
    Removing bezier.o(.text.linear), (36 bytes).
    Removing bezier.o(.ARM.exidx.text.linear), (8 bytes).
    Removing bezier.o(.text.quadratic), (88 bytes).
    Removing bezier.o(.ARM.exidx.text.quadratic), (8 bytes).
    Removing bezier.o(.ARM.exidx.text.cubic), (8 bytes).
    Removing bezier.o(.ARM.exidx.text.cubicGradient), (8 bytes).
    Removing bezier.o(.ARM.exidx.text.biCubicGradient), (8 bytes).
    Removing test_scenes.o(.text), (0 bytes).
    Removing test_scenes.o(.text.sceneNumber), (48 bytes).
    Removing test_scenes.o(.ARM.exidx.text.sceneNumber), (8 bytes).
    Removing test_scenes.o(.text.scene1), (28 bytes).
    Removing test_scenes.o(.ARM.exidx.text.scene1), (8 bytes).
    Removing test_scenes.o(.text.scene2), (112 bytes).
    Removing test_scenes.o(.ARM.exidx.text.scene2), (8 bytes).
    Removing test_scenes.o(.text.scene3), (120 bytes).
    Removing test_scenes.o(.ARM.exidx.text.scene3), (8 bytes).
    Removing test_scenes.o(.text.bicubicScene1), (500 bytes).
    Removing test_scenes.o(.ARM.exidx.text.bicubicScene1), (8 bytes).
    Removing test_scenes.o(.text.bicubicScene2), (496 bytes).
    Removing test_scenes.o(.ARM.exidx.text.bicubicScene2), (8 bytes).
    Removing test_scenes.o(.text.bicubicScene3), (492 bytes).
    Removing test_scenes.o(.ARM.exidx.text.bicubicScene3), (8 bytes).
    Removing test_scenes.o(.text.bicubicScene4), (492 bytes).
    Removing test_scenes.o(.ARM.exidx.text.bicubicScene4), (8 bytes).
    Removing test_scenes.o(.text.bicubicScene5), (504 bytes).
    Removing test_scenes.o(.ARM.exidx.text.bicubicScene5), (8 bytes).
    Removing uart.o(.text), (0 bytes).
    Removing uart.o(.ARM.exidx.text.UART_Init), (8 bytes).
    Removing uart.o(.ARM.exidx.text.UART_SendChar), (8 bytes).
    Removing uart.o(.text.sendRS485Char), (60 bytes).
    Removing uart.o(.ARM.exidx.text.sendRS485Char), (8 bytes).
    Removing uart.o(.text.UART_SendStr), (80 bytes).
    Removing uart.o(.ARM.exidx.text.UART_SendStr), (8 bytes).
    Removing uart.o(.ARM.exidx.text.UART_ReceiveInit), (8 bytes).
    Removing uart.o(.text.UARTgetkey), (16 bytes).
    Removing uart.o(.ARM.exidx.text.UARTgetkey), (8 bytes).
    Removing modbus.o(.text), (0 bytes).
    Removing modbus.o(.ARM.exidx.text.handleRxPacket), (8 bytes).
    Removing modbus.o(.ARM.exidx.text.checkPacketCrc), (8 bytes).
    Removing modbus.o(.ARM.exidx.text.readHoldingRegisters), (8 bytes).
    Removing modbus.o(.ARM.exidx.text.writeSingleRegister), (8 bytes).
    Removing modbus.o(.ARM.exidx.text.modbusACKReply), (8 bytes).
    Removing modbus.o(.ARM.exidx.text.writeMultipleRegisters), (8 bytes).
    Removing modbus.o(.ARM.exidx.text.writeMultipleReply), (8 bytes).
    Removing modbus.o(.text.calculateCRC), (72 bytes).
    Removing modbus.o(.ARM.exidx.text.calculateCRC), (8 bytes).
    Removing modbus.o(.ARM.exidx.text.modBusSend), (8 bytes).
    Removing modbus.o(.ARM.exidx.text.serialHandler), (8 bytes).
    Removing modbus.o(.ARM.exidx.text.prepareModbusRegisters), (8 bytes).
    Removing modbus.o(.text.getCRC16), (48 bytes).
    Removing modbus.o(.ARM.exidx.text.getCRC16), (8 bytes).
    Removing modbus.o(.rodata.getCRC16.wCRCTable), (512 bytes).
    Removing modbus.o(.bss.prevRegValues), (8 bytes).
    Removing interrupts.o(.text), (0 bytes).
    Removing interrupts.o(.ARM.exidx.text.SysTick_Handler), (8 bytes).
    Removing interrupts.o(.ARM.exidx.text.TIMER32_0_IRQHandler), (8 bytes).
    Removing interrupts.o(.ARM.exidx.text.UART_IRQHandler), (8 bytes).
    Removing interrupts.o(.text.EINT2_IRQHandler), (2 bytes).
    Removing interrupts.o(.ARM.exidx.text.EINT2_IRQHandler), (8 bytes).
    Removing interrupts.o(.bss.msTicks), (4 bytes).
    Removing led_drive.o(.text), (0 bytes).
    Removing led_drive.o(.text.port3Set), (20 bytes).
    Removing led_drive.o(.ARM.exidx.text.port3Set), (8 bytes).
    Removing led_drive.o(.text.port3Clear), (20 bytes).
    Removing led_drive.o(.ARM.exidx.text.port3Clear), (8 bytes).
    Removing led_drive.o(.text.port0Set), (20 bytes).
    Removing led_drive.o(.ARM.exidx.text.port0Set), (8 bytes).
    Removing led_drive.o(.text.port0Clear), (20 bytes).
    Removing led_drive.o(.ARM.exidx.text.port0Clear), (8 bytes).
    Removing led_drive.o(.text.port2Set), (20 bytes).
    Removing led_drive.o(.ARM.exidx.text.port2Set), (8 bytes).
    Removing led_drive.o(.text.port2Clear), (20 bytes).
    Removing led_drive.o(.ARM.exidx.text.port2Clear), (8 bytes).
    Removing led_drive.o(.ARM.exidx.text.fillLedBar), (8 bytes).
    Removing led_drive.o(.text.barGraph), (64 bytes).
    Removing led_drive.o(.ARM.exidx.text.barGraph), (8 bytes).
    Removing led_drive.o(.ARM.exidx.text.ledsOff), (8 bytes).
    Removing led_drive.o(.text.line), (92 bytes).
    Removing led_drive.o(.ARM.exidx.text.line), (8 bytes).
    Removing led_drive.o(.text.setGammaColor), (68 bytes).
    Removing led_drive.o(.ARM.exidx.text.setGammaColor), (8 bytes).
    Removing led_drive.o(.text.setGammaColorRGB), (68 bytes).
    Removing led_drive.o(.ARM.exidx.text.setGammaColorRGB), (8 bytes).
    Removing led_drive.o(.ARM.exidx.text.calculateGammaColorRGB), (8 bytes).
    Removing led_drive.o(.text.fillSegments), (80 bytes).
    Removing led_drive.o(.ARM.exidx.text.fillSegments), (8 bytes).
    Removing led_drive.o(.text.setDefaultSegments), (176 bytes).
    Removing led_drive.o(.ARM.exidx.text.setDefaultSegments), (8 bytes).
    Removing spi.o(.text), (0 bytes).
    Removing spi.o(.text.initSpi), (128 bytes).
    Removing spi.o(.ARM.exidx.text.initSpi), (8 bytes).
    Removing spi.o(.text.spiSend), (24 bytes).
    Removing spi.o(.ARM.exidx.text.spiSend), (8 bytes).
    Removing spi.o(.text.serialFlashUniqueID), (104 bytes).
    Removing spi.o(.ARM.exidx.text.serialFlashUniqueID), (8 bytes).
    Removing spi.o(.text.serialFlashWriteEnable), (48 bytes).
    Removing spi.o(.ARM.exidx.text.serialFlashWriteEnable), (8 bytes).
    Removing spi.o(.text.serialFlashWriteDisable), (48 bytes).
    Removing spi.o(.ARM.exidx.text.serialFlashWriteDisable), (8 bytes).
    Removing spi.o(.text.serialFlashSectorErase), (156 bytes).
    Removing spi.o(.ARM.exidx.text.serialFlashSectorErase), (8 bytes).
    Removing spi.o(.text.serialFlashWrite), (200 bytes).
    Removing spi.o(.ARM.exidx.text.serialFlashWrite), (8 bytes).
    Removing spi.o(.text.serialFlashReadByte), (116 bytes).
    Removing spi.o(.ARM.exidx.text.serialFlashReadByte), (8 bytes).
    Removing spi.o(.text.serialFlashRead), (132 bytes).
    Removing spi.o(.ARM.exidx.text.serialFlashRead), (8 bytes).
    Removing spi.o(.bss.chipUniqueId), (8 bytes).
    Removing spi.o(.bss.ln2b), (4 bytes).
    Removing parameters.o(.text), (0 bytes).
    Removing parameters.o(.text.readParameters), (2 bytes).
    Removing parameters.o(.ARM.exidx.text.readParameters), (8 bytes).
    Removing parameters.o(.text.writeParameters), (2 bytes).
    Removing parameters.o(.ARM.exidx.text.writeParameters), (8 bytes).
    Removing serial_flash.o(.text), (0 bytes).
    Removing serial_flash.o(.text.testflash), (2 bytes).
    Removing serial_flash.o(.ARM.exidx.text.testflash), (8 bytes).
    Removing segment_animate.o(.text), (0 bytes).
    Removing segment_animate.o(.text.getColor), (36 bytes).
    Removing segment_animate.o(.ARM.exidx.text.getColor), (8 bytes).
    Removing segment_animate.o(.text.createSegment), (224 bytes).
    Removing segment_animate.o(.ARM.exidx.text.createSegment), (8 bytes).
    Removing segment_animate.o(.text.calculateSegmentsLen), (48 bytes).
    Removing segment_animate.o(.ARM.exidx.text.calculateSegmentsLen), (8 bytes).
    Removing segment_animate.o(.text.calculateTotalSegmentLen), (32 bytes).
    Removing segment_animate.o(.ARM.exidx.text.calculateTotalSegmentLen), (8 bytes).
    Removing segment_animate.o(.ARM.exidx.text.initSegmentTransition), (8 bytes).
    Removing segment_animate.o(.ARM.exidx.text.segmentsRender), (8 bytes).
    Removing segment_animate.o(.ARM.exidx.text.smear), (8 bytes).
    Removing content.o(.text), (0 bytes).
    Removing content.o(.ARM.exidx.text.resetSegments), (8 bytes).
    Removing content.o(.ARM.exidx.text.exampleGradientContent), (8 bytes).
    Removing content.o(.text.startupContent), (24 bytes).
    Removing content.o(.ARM.exidx.text.startupContent), (8 bytes).
    Removing content.o(.text.readyContent), (24 bytes).
    Removing content.o(.ARM.exidx.text.readyContent), (8 bytes).
    Removing content.o(.ARM.exidx.text.selection), (8 bytes).
    Removing content.o(.text.cycling1), (64 bytes).
    Removing content.o(.ARM.exidx.text.cycling1), (8 bytes).
    Removing content.o(.text.cycling2), (68 bytes).
    Removing content.o(.ARM.exidx.text.cycling2), (8 bytes).
    Removing content.o(.ARM.exidx.text.cycling3), (8 bytes).
    Removing content.o(.text.done1), (32 bytes).
    Removing content.o(.ARM.exidx.text.done1), (8 bytes).
    Removing content.o(.text.done2), (32 bytes).
    Removing content.o(.ARM.exidx.text.done2), (8 bytes).
    Removing content.o(.text.done3), (32 bytes).
    Removing content.o(.ARM.exidx.text.done3), (8 bytes).
    Removing content.o(.text.stopping), (56 bytes).
    Removing content.o(.ARM.exidx.text.stopping), (8 bytes).
    Removing content.o(.text.outOfOrder), (32 bytes).
    Removing content.o(.ARM.exidx.text.outOfOrder), (8 bytes).
    Removing content.o(.text.emergencyStop), (32 bytes).
    Removing content.o(.ARM.exidx.text.emergencyStop), (8 bytes).
    Removing content.o(.text.delayedStart1), (36 bytes).
    Removing content.o(.ARM.exidx.text.delayedStart1), (8 bytes).
    Removing content.o(.text.delayedStart2), (56 bytes).
    Removing content.o(.ARM.exidx.text.delayedStart2), (8 bytes).
    Removing content.o(.text.payment1), (44 bytes).
    Removing content.o(.ARM.exidx.text.payment1), (8 bytes).
    Removing content.o(.text.payment2), (48 bytes).
    Removing content.o(.ARM.exidx.text.payment2), (8 bytes).
    Removing content.o(.text.payment3), (44 bytes).
    Removing content.o(.ARM.exidx.text.payment3), (8 bytes).
    Removing content.o(.text.welcome), (36 bytes).
    Removing content.o(.ARM.exidx.text.welcome), (8 bytes).
    Removing content.o(.text.thankyou), (24 bytes).
    Removing content.o(.ARM.exidx.text.thankyou), (8 bytes).
    Removing content.o(.text.outofWorkingHours), (32 bytes).
    Removing content.o(.ARM.exidx.text.outofWorkingHours), (8 bytes).
    Removing content.o(.text.wizard), (60 bytes).
    Removing content.o(.ARM.exidx.text.wizard), (8 bytes).
    Removing content.o(.ARM.exidx.text.calculateActualSegmentlengths), (8 bytes).
    Removing content.o(.ARM.exidx.text.selectContent), (8 bytes).
    Removing system_lpc11xx.o(.text), (0 bytes).
    Removing system_lpc11xx.o(.ARM.exidx.text.SystemCoreClockUpdate), (8 bytes).
    Removing system_lpc11xx.o(.ARM.exidx.text.SystemInit), (8 bytes).

191 unused section(s) (total 7550 bytes) removed from the image.

==============================================================================

Image Symbol Table

    Local Symbols

    Symbol Name                              Value     Ov Type        Size  Object(Section)

    ../clib/angel/boardlib.s                 0x00000000   Number         0  boardinit1.o ABSOLUTE
    ../clib/angel/boardlib.s                 0x00000000   Number         0  boardinit2.o ABSOLUTE
    ../clib/angel/boardlib.s                 0x00000000   Number         0  boardinit3.o ABSOLUTE
    ../clib/angel/boardlib.s                 0x00000000   Number         0  boardshut.o ABSOLUTE
    ../clib/angel/handlers.s                 0x00000000   Number         0  __scatter_copy.o ABSOLUTE
    ../clib/angel/handlers.s                 0x00000000   Number         0  __scatter_zi.o ABSOLUTE
    ../clib/angel/kernel.s                   0x00000000   Number         0  __rtentry.o ABSOLUTE
    ../clib/angel/kernel.s                   0x00000000   Number         0  __rtentry2.o ABSOLUTE
    ../clib/angel/kernel.s                   0x00000000   Number         0  __rtentry4.o ABSOLUTE
    ../clib/angel/kernel.s                   0x00000000   Number         0  rtexit.o ABSOLUTE
    ../clib/angel/kernel.s                   0x00000000   Number         0  rtexit2.o ABSOLUTE
    ../clib/angel/rt.s                       0x00000000   Number         0  aeabi_idiv0.o ABSOLUTE
    ../clib/angel/rt.s                       0x00000000   Number         0  aeabi_idiv0_sigfpe.o ABSOLUTE
    ../clib/angel/rt.s                       0x00000000   Number         0  rt_div0.o ABSOLUTE
    ../clib/angel/rt.s                       0x00000000   Number         0  rt_raise.o ABSOLUTE
    ../clib/angel/scatterp.s                 0x00000000   Number         0  __scatter.o ABSOLUTE
    ../clib/angel/startup.s                  0x00000000   Number         0  __main.o ABSOLUTE
    ../clib/angel/sys.s                      0x00000000   Number         0  sys_stackheap_outer.o ABSOLUTE
    ../clib/angel/sys.s                      0x00000000   Number         0  libspace.o ABSOLUTE
    ../clib/angel/sys.s                      0x00000000   Number         0  tempstk.o ABSOLUTE
    ../clib/angel/sys.s                      0x00000000   Number         0  use_no_semi.o ABSOLUTE
    ../clib/angel/sys.s                      0x00000000   Number         0  indicate_semi.o ABSOLUTE
    ../clib/angel/sysapp.c                   0x00000000   Number         0  sys_exit.o ABSOLUTE
    ../clib/angel/sysapp.c                   0x00000000   Number         0  sys_exit_hlt.o ABSOLUTE
    ../clib/angel/sysapp.c                   0x00000000   Number         0  sys_wrch.o ABSOLUTE
    ../clib/angel/sysapp.c                   0x00000000   Number         0  sys_wrch_hlt.o ABSOLUTE
    ../clib/angel/sysapp.c                   0x00000000   Number         0  sys_command.o ABSOLUTE
    ../clib/angel/sysapp.c                   0x00000000   Number         0  sys_command_hlt.o ABSOLUTE
    ../clib/armsys.c                         0x00000000   Number         0  argv_veneer.o ABSOLUTE
    ../clib/armsys.c                         0x00000000   Number         0  _get_argv_nomalloc.o ABSOLUTE
    ../clib/armsys.c                         0x00000000   Number         0  no_argv.o ABSOLUTE
    ../clib/division.s                       0x00000000   Number         0  aeabi_sdiv.o ABSOLUTE
    ../clib/division.s                       0x00000000   Number         0  aeabi_sdiv_div0.o ABSOLUTE
    ../clib/heapalloc.c                      0x00000000   Number         0  hrguard.o ABSOLUTE
    ../clib/heapaux.c                        0x00000000   Number         0  heapauxi.o ABSOLUTE
    ../clib/libinit.s                        0x00000000   Number         0  libinit.o ABSOLUTE
    ../clib/libinit.s                        0x00000000   Number         0  libinit2.o ABSOLUTE
    ../clib/libinit.s                        0x00000000   Number         0  libshutdown.o ABSOLUTE
    ../clib/libinit.s                        0x00000000   Number         0  libshutdown2.o ABSOLUTE
    ../clib/memcpset.c                       0x00000000   Number         0  rt_memcpy.o ABSOLUTE
    ../clib/memcpset.c                       0x00000000   Number         0  rt_memcpy.o ABSOLUTE
    ../clib/memcpset.c                       0x00000000   Number         0  rt_memclr.o ABSOLUTE
    ../clib/signal.c                         0x00000000   Number         0  defsig_fpe_outer.o ABSOLUTE
    ../clib/signal.c                         0x00000000   Number         0  defsig_fpe_formal.o ABSOLUTE
    ../clib/signal.c                         0x00000000   Number         0  defsig_exit.o ABSOLUTE
    ../clib/signal.c                         0x00000000   Number         0  defsig_fpe_inner.o ABSOLUTE
    ../clib/signal.c                         0x00000000   Number         0  __raise.o ABSOLUTE
    ../clib/signal.c                         0x00000000   Number         0  defsig_general.o ABSOLUTE
    ../clib/signal.c                         0x00000000   Number         0  defsig_abrt_inner.o ABSOLUTE
    ../clib/signal.c                         0x00000000   Number         0  defsig_rtred_inner.o ABSOLUTE
    ../clib/signal.c                         0x00000000   Number         0  defsig_rtmem_inner.o ABSOLUTE
    ../clib/signal.c                         0x00000000   Number         0  defsig_rtmem_outer.o ABSOLUTE
    ../clib/signal.c                         0x00000000   Number         0  defsig_rtmem_formal.o ABSOLUTE
    ../clib/signal.c                         0x00000000   Number         0  defsig_stak_inner.o ABSOLUTE
    ../clib/signal.c                         0x00000000   Number         0  defsig_pvfn_inner.o ABSOLUTE
    ../clib/signal.c                         0x00000000   Number         0  defsig_cppl_inner.o ABSOLUTE
    ../clib/signal.c                         0x00000000   Number         0  defsig_segv_inner.o ABSOLUTE
    ../clib/signal.c                         0x00000000   Number         0  defsig_other.o ABSOLUTE
    ../clib/signal.s                         0x00000000   Number         0  defsig.o ABSOLUTE
    ../clib/stdlib.c                         0x00000000   Number         0  exit.o ABSOLUTE
    ../fplib/cfplib/fpinit.c                 0x00000000   Number         0  fpinit.o ABSOLUTE
    RTE/Device/LPC1114FBD48_302/startup_LPC11xx.s 0x00000000   Number         0  startup_lpc11xx.o ABSOLUTE
    bezier.c                                 0x00000000   Number         0  bezier.o ABSOLUTE
    content.c                                0x00000000   Number         0  content.o ABSOLUTE
    dc.s                                     0x00000000   Number         0  dc.o ABSOLUTE
    interrupts.c                             0x00000000   Number         0  interrupts.o ABSOLUTE
    led_drive.c                              0x00000000   Number         0  led_drive.o ABSOLUTE
    main.c                                   0x00000000   Number         0  main.o ABSOLUTE
    modbus.c                                 0x00000000   Number         0  modbus.o ABSOLUTE
    parameters.c                             0x00000000   Number         0  parameters.o ABSOLUTE
    segment_animate.c                        0x00000000   Number         0  segment_animate.o ABSOLUTE
    serial_flash.c                           0x00000000   Number         0  serial_flash.o ABSOLUTE
    spi.c                                    0x00000000   Number         0  spi.o ABSOLUTE
    system_LPC11xx.c                         0x00000000   Number         0  system_lpc11xx.o ABSOLUTE
    test_scenes.c                            0x00000000   Number         0  test_scenes.o ABSOLUTE
    uart.c                                   0x00000000   Number         0  uart.o ABSOLUTE
    RESET                                    0x00000000   Section      192  startup_lpc11xx.o(RESET)
    !!!main                                  0x000000c0   Section        8  __main.o(!!!main)
    !!!scatter                               0x000000c8   Section       84  __scatter.o(!!!scatter)
    !!handler_copy                           0x0000011c   Section       26  __scatter_copy.o(!!handler_copy)
    !!handler_null                           0x00000138   Section        2  __scatter.o(!!handler_null)
    !!handler_zi                             0x0000013c   Section       28  __scatter_zi.o(!!handler_zi)
    .ARM.Collect$$libinit$$00000000          0x00000158   Section        2  libinit.o(.ARM.Collect$$libinit$$00000000)
    .ARM.Collect$$libinit$$00000002          0x0000015a   Section        0  libinit2.o(.ARM.Collect$$libinit$$00000002)
    .ARM.Collect$$libinit$$00000004          0x0000015a   Section        0  libinit2.o(.ARM.Collect$$libinit$$00000004)
    .ARM.Collect$$libinit$$00000006          0x0000015a   Section        0  libinit2.o(.ARM.Collect$$libinit$$00000006)
    .ARM.Collect$$libinit$$0000000C          0x0000015a   Section        0  libinit2.o(.ARM.Collect$$libinit$$0000000C)
    .ARM.Collect$$libinit$$0000000E          0x0000015a   Section        0  libinit2.o(.ARM.Collect$$libinit$$0000000E)
    .ARM.Collect$$libinit$$00000010          0x0000015a   Section        0  libinit2.o(.ARM.Collect$$libinit$$00000010)
    .ARM.Collect$$libinit$$00000013          0x0000015a   Section        0  libinit2.o(.ARM.Collect$$libinit$$00000013)
    .ARM.Collect$$libinit$$00000015          0x0000015a   Section        0  libinit2.o(.ARM.Collect$$libinit$$00000015)
    .ARM.Collect$$libinit$$00000017          0x0000015a   Section        0  libinit2.o(.ARM.Collect$$libinit$$00000017)
    .ARM.Collect$$libinit$$00000019          0x0000015a   Section        0  libinit2.o(.ARM.Collect$$libinit$$00000019)
    .ARM.Collect$$libinit$$0000001B          0x0000015a   Section        0  libinit2.o(.ARM.Collect$$libinit$$0000001B)
    .ARM.Collect$$libinit$$0000001D          0x0000015a   Section        0  libinit2.o(.ARM.Collect$$libinit$$0000001D)
    .ARM.Collect$$libinit$$0000001F          0x0000015a   Section        0  libinit2.o(.ARM.Collect$$libinit$$0000001F)
    .ARM.Collect$$libinit$$00000021          0x0000015a   Section        0  libinit2.o(.ARM.Collect$$libinit$$00000021)
    .ARM.Collect$$libinit$$00000023          0x0000015a   Section        0  libinit2.o(.ARM.Collect$$libinit$$00000023)
    .ARM.Collect$$libinit$$00000025          0x0000015a   Section        0  libinit2.o(.ARM.Collect$$libinit$$00000025)
    .ARM.Collect$$libinit$$00000027          0x0000015a   Section        0  libinit2.o(.ARM.Collect$$libinit$$00000027)
    .ARM.Collect$$libinit$$0000002E          0x0000015a   Section        0  libinit2.o(.ARM.Collect$$libinit$$0000002E)
    .ARM.Collect$$libinit$$00000030          0x0000015a   Section        0  libinit2.o(.ARM.Collect$$libinit$$00000030)
    .ARM.Collect$$libinit$$00000032          0x0000015a   Section        0  libinit2.o(.ARM.Collect$$libinit$$00000032)
    .ARM.Collect$$libinit$$00000034          0x0000015a   Section        0  libinit2.o(.ARM.Collect$$libinit$$00000034)
    .ARM.Collect$$libinit$$00000035          0x0000015a   Section        2  libinit2.o(.ARM.Collect$$libinit$$00000035)
    .ARM.Collect$$libshutdown$$00000000      0x0000015c   Section        2  libshutdown.o(.ARM.Collect$$libshutdown$$00000000)
    .ARM.Collect$$libshutdown$$00000002      0x0000015e   Section        0  libshutdown2.o(.ARM.Collect$$libshutdown$$00000002)
    .ARM.Collect$$libshutdown$$00000004      0x0000015e   Section        0  libshutdown2.o(.ARM.Collect$$libshutdown$$00000004)
    .ARM.Collect$$libshutdown$$00000007      0x0000015e   Section        0  libshutdown2.o(.ARM.Collect$$libshutdown$$00000007)
    .ARM.Collect$$libshutdown$$0000000A      0x0000015e   Section        0  libshutdown2.o(.ARM.Collect$$libshutdown$$0000000A)
    .ARM.Collect$$libshutdown$$0000000C      0x0000015e   Section        0  libshutdown2.o(.ARM.Collect$$libshutdown$$0000000C)
    .ARM.Collect$$libshutdown$$0000000F      0x0000015e   Section        0  libshutdown2.o(.ARM.Collect$$libshutdown$$0000000F)
    .ARM.Collect$$libshutdown$$00000010      0x0000015e   Section        2  libshutdown2.o(.ARM.Collect$$libshutdown$$00000010)
    .ARM.Collect$$rtentry$$00000000          0x00000160   Section        0  __rtentry.o(.ARM.Collect$$rtentry$$00000000)
    .ARM.Collect$$rtentry$$00000002          0x00000160   Section        0  __rtentry2.o(.ARM.Collect$$rtentry$$00000002)
    .ARM.Collect$$rtentry$$00000004          0x00000160   Section        6  __rtentry4.o(.ARM.Collect$$rtentry$$00000004)
    .ARM.Collect$$rtentry$$00000009          0x00000166   Section        0  __rtentry2.o(.ARM.Collect$$rtentry$$00000009)
    .ARM.Collect$$rtentry$$0000000A          0x00000166   Section        4  __rtentry2.o(.ARM.Collect$$rtentry$$0000000A)
    .ARM.Collect$$rtentry$$0000000C          0x0000016a   Section        0  __rtentry2.o(.ARM.Collect$$rtentry$$0000000C)
    .ARM.Collect$$rtentry$$0000000D          0x0000016a   Section        8  __rtentry2.o(.ARM.Collect$$rtentry$$0000000D)
    .ARM.Collect$$rtexit$$00000000           0x00000172   Section        2  rtexit.o(.ARM.Collect$$rtexit$$00000000)
    .ARM.Collect$$rtexit$$00000002           0x00000174   Section        0  rtexit2.o(.ARM.Collect$$rtexit$$00000002)
    .ARM.Collect$$rtexit$$00000003           0x00000174   Section        4  rtexit2.o(.ARM.Collect$$rtexit$$00000003)
    .ARM.Collect$$rtexit$$00000004           0x00000178   Section        6  rtexit2.o(.ARM.Collect$$rtexit$$00000004)
    .emb_text                                0x00000180   Section       56  rt_memcpy.o(.emb_text)
    .text                                    0x000001b8   Section       52  startup_lpc11xx.o(.text)
    .text                                    0x000001ec   Section        0  rt_memcpy.o(.text)
    .text                                    0x0000026e   Section        0  rt_memclr.o(.text)
    .text                                    0x000002ae   Section        0  heapauxi.o(.text)
    .text                                    0x000002b4   Section       62  sys_stackheap_outer.o(.text)
    .text                                    0x000002f4   Section        8  libspace.o(.text)
    .ARM.__at_0x02FC                         0x000002fc   Section        4  startup_lpc11xx.o(.ARM.__at_0x02FC)
    .text                                    0x00000300   Section      364  aeabi_sdiv.o(.text)
    .text                                    0x0000046c   Section        0  exit.o(.text)
    .text                                    0x0000047c   Section        0  sys_exit.o(.text)
    .text                                    0x00000488   Section        2  use_no_semi.o(.text)
    .text                                    0x0000048a   Section        0  indicate_semi.o(.text)
    [Anonymous Symbol]                       0x0000048c   Section        0  interrupts.o(.text.SysTick_Handler)
    __arm_cp.0_0                             0x000004a8   Number         4  interrupts.o(.text.SysTick_Handler)
    __arm_cp.0_1                             0x000004ac   Number         4  interrupts.o(.text.SysTick_Handler)
    [Anonymous Symbol]                       0x000004b0   Section        0  system_lpc11xx.o(.text.SystemCoreClockUpdate)
    __arm_cp.0_0                             0x00000520   Number         4  system_lpc11xx.o(.text.SystemCoreClockUpdate)
    __arm_cp.0_2                             0x00000564   Number         4  system_lpc11xx.o(.text.SystemCoreClockUpdate)
    [Anonymous Symbol]                       0x00000568   Section        0  system_lpc11xx.o(.text.SystemInit)
    __arm_cp.1_0                             0x000005a8   Number         4  system_lpc11xx.o(.text.SystemInit)
    __arm_cp.1_1                             0x000005ac   Number         4  system_lpc11xx.o(.text.SystemInit)
    [Anonymous Symbol]                       0x000005b0   Section        0  interrupts.o(.text.TIMER32_0_IRQHandler)
    __arm_cp.1_0                             0x000005bc   Number         4  interrupts.o(.text.TIMER32_0_IRQHandler)
    [Anonymous Symbol]                       0x000005c0   Section        0  interrupts.o(.text.UART_IRQHandler)
    __arm_cp.2_1                             0x000005f8   Number         4  interrupts.o(.text.UART_IRQHandler)
    __arm_cp.2_2                             0x000005fc   Number         4  interrupts.o(.text.UART_IRQHandler)
    __arm_cp.2_3                             0x00000600   Number         4  interrupts.o(.text.UART_IRQHandler)
    __arm_cp.2_5                             0x00000604   Number         4  interrupts.o(.text.UART_IRQHandler)
    __arm_cp.2_6                             0x00000608   Number         4  interrupts.o(.text.UART_IRQHandler)
    [Anonymous Symbol]                       0x0000060c   Section        0  uart.o(.text.UART_Init)
    __arm_cp.0_0                             0x00000674   Number         4  uart.o(.text.UART_Init)
    __arm_cp.0_1                             0x00000678   Number         4  uart.o(.text.UART_Init)
    __arm_cp.0_2                             0x0000067c   Number         4  uart.o(.text.UART_Init)
    __arm_cp.0_4                             0x00000680   Number         4  uart.o(.text.UART_Init)
    __arm_cp.0_5                             0x00000684   Number         4  uart.o(.text.UART_Init)
    __arm_cp.0_6                             0x00000688   Number         4  uart.o(.text.UART_Init)
    [Anonymous Symbol]                       0x0000068c   Section        0  uart.o(.text.UART_ReceiveInit)
    __arm_cp.4_0                             0x000006a0   Number         4  uart.o(.text.UART_ReceiveInit)
    __arm_cp.4_1                             0x000006a4   Number         4  uart.o(.text.UART_ReceiveInit)
    [Anonymous Symbol]                       0x000006a8   Section        0  uart.o(.text.UART_SendChar)
    __arm_cp.1_0                             0x000006bc   Number         4  uart.o(.text.UART_SendChar)
    [Anonymous Symbol]                       0x000006c0   Section        0  bezier.o(.text.biCubicGradient)
    [Anonymous Symbol]                       0x0000072c   Section        0  content.o(.text.calculateActualSegmentlengths)
    __arm_cp.23_1                            0x000007ec   Number         4  content.o(.text.calculateActualSegmentlengths)
    __arm_cp.23_2                            0x000007f0   Number         4  content.o(.text.calculateActualSegmentlengths)
    __arm_cp.23_3                            0x000007f4   Number         4  content.o(.text.calculateActualSegmentlengths)
    [Anonymous Symbol]                       0x000007f8   Section        0  led_drive.o(.text.calculateGammaColorRGB)
    __arm_cp.12_0                            0x00000848   Number         4  led_drive.o(.text.calculateGammaColorRGB)
    __arm_cp.12_1                            0x0000084c   Number         4  led_drive.o(.text.calculateGammaColorRGB)
    __arm_cp.12_2                            0x00000850   Number         4  led_drive.o(.text.calculateGammaColorRGB)
    [Anonymous Symbol]                       0x00000854   Section        0  modbus.o(.text.checkPacketCrc)
    __arm_cp.1_0                             0x000008c0   Number         4  modbus.o(.text.checkPacketCrc)
    __arm_cp.1_1                             0x000008c4   Number         4  modbus.o(.text.checkPacketCrc)
    __arm_cp.1_3                             0x000008c8   Number         4  modbus.o(.text.checkPacketCrc)
    [Anonymous Symbol]                       0x000008cc   Section        0  bezier.o(.text.cubic)
    __arm_cp.3_0                             0x00000964   Number         4  bezier.o(.text.cubic)
    __arm_cp.3_1                             0x00000968   Number         4  bezier.o(.text.cubic)
    [Anonymous Symbol]                       0x0000096c   Section        0  bezier.o(.text.cubicGradient)
    [Anonymous Symbol]                       0x000009d8   Section        0  content.o(.text.cycling3)
    __arm_cp.7_1                             0x00000a30   Number         4  content.o(.text.cycling3)
    __arm_cp.7_2                             0x00000a34   Number         4  content.o(.text.cycling3)
    __arm_cp.7_3                             0x00000a38   Number         4  content.o(.text.cycling3)
    __arm_cp.7_4                             0x00000a3c   Number         4  content.o(.text.cycling3)
    __arm_cp.7_5                             0x00000a40   Number         4  content.o(.text.cycling3)
    __arm_cp.7_6                             0x00000a44   Number         4  content.o(.text.cycling3)
    [Anonymous Symbol]                       0x00000a48   Section        0  main.o(.text.delayMs)
    [Anonymous Symbol]                       0x00000a60   Section        0  content.o(.text.exampleGradientContent)
    __arm_cp.1_0                             0x00000adc   Number         4  content.o(.text.exampleGradientContent)
    __arm_cp.1_1                             0x00000ae0   Number         4  content.o(.text.exampleGradientContent)
    [Anonymous Symbol]                       0x00000ae4   Section        0  led_drive.o(.text.fillLedBar)
    __arm_cp.6_0                             0x00000bec   Number         4  led_drive.o(.text.fillLedBar)
    __arm_cp.6_2                             0x00000bf0   Number         4  led_drive.o(.text.fillLedBar)
    __arm_cp.6_5                             0x00000bf4   Number         4  led_drive.o(.text.fillLedBar)
    __arm_cp.6_6                             0x00000bf8   Number         4  led_drive.o(.text.fillLedBar)
    [Anonymous Symbol]                       0x00000bfc   Section        0  modbus.o(.text.handleRxPacket)
    __arm_cp.0_1                             0x00000c3c   Number         4  modbus.o(.text.handleRxPacket)
    [Anonymous Symbol]                       0x00000c40   Section        0  segment_animate.o(.text.initSegmentTransition)
    __arm_cp.4_0                             0x00000c60   Number         4  segment_animate.o(.text.initSegmentTransition)
    __arm_cp.4_1                             0x00000c64   Number         4  segment_animate.o(.text.initSegmentTransition)
    __arm_cp.4_3                             0x00000c68   Number         4  segment_animate.o(.text.initSegmentTransition)
    __arm_cp.4_4                             0x00000c6c   Number         4  segment_animate.o(.text.initSegmentTransition)
    [Anonymous Symbol]                       0x00000c70   Section        0  main.o(.text.ioInit)
    __arm_cp.0_1                             0x00000cc0   Number         4  main.o(.text.ioInit)
    __arm_cp.0_2                             0x00000cc4   Number         4  main.o(.text.ioInit)
    __arm_cp.0_3                             0x00000cc8   Number         4  main.o(.text.ioInit)
    __arm_cp.0_4                             0x00000ccc   Number         4  main.o(.text.ioInit)
    __arm_cp.0_5                             0x00000cd0   Number         4  main.o(.text.ioInit)
    [Anonymous Symbol]                       0x00000cd4   Section        0  led_drive.o(.text.ledsOff)
    __arm_cp.8_0                             0x00000ce4   Number         4  led_drive.o(.text.ledsOff)
    [Anonymous Symbol]                       0x00000ce8   Section        0  main.o(.text.main)
    __arm_cp.5_0                             0x00000dd8   Number         4  main.o(.text.main)
    __arm_cp.5_1                             0x00000ddc   Number         4  main.o(.text.main)
    __arm_cp.5_2                             0x00000de0   Number         4  main.o(.text.main)
    __arm_cp.5_3                             0x00000de4   Number         4  main.o(.text.main)
    __arm_cp.5_4                             0x00000de8   Number         4  main.o(.text.main)
    __arm_cp.5_6                             0x00000dec   Number         4  main.o(.text.main)
    __arm_cp.5_9                             0x00000df0   Number         4  main.o(.text.main)
    __arm_cp.5_12                            0x00000df4   Number         4  main.o(.text.main)
    __arm_cp.5_13                            0x00000df8   Number         4  main.o(.text.main)
    [Anonymous Symbol]                       0x00000dfc   Section        0  modbus.o(.text.modBusSend)
    __arm_cp.8_0                             0x00000e38   Number         4  modbus.o(.text.modBusSend)
    [Anonymous Symbol]                       0x00000e3c   Section        0  modbus.o(.text.modbusACKReply)
    __arm_cp.4_0                             0x00000e74   Number         4  modbus.o(.text.modbusACKReply)
    [Anonymous Symbol]                       0x00000e78   Section        0  modbus.o(.text.prepareModbusRegisters)
    __arm_cp.10_1                            0x00000ebc   Number         4  modbus.o(.text.prepareModbusRegisters)
    __arm_cp.10_2                            0x00000ec0   Number         4  modbus.o(.text.prepareModbusRegisters)
    __arm_cp.10_3                            0x00000ec4   Number         4  modbus.o(.text.prepareModbusRegisters)
    [Anonymous Symbol]                       0x00000ec8   Section        0  modbus.o(.text.readHoldingRegisters)
    __arm_cp.2_0                             0x00000f90   Number         4  modbus.o(.text.readHoldingRegisters)
    __arm_cp.2_1                             0x00000f94   Number         4  modbus.o(.text.readHoldingRegisters)
    __arm_cp.2_2                             0x00000f98   Number         4  modbus.o(.text.readHoldingRegisters)
    __arm_cp.2_3                             0x00000f9c   Number         4  modbus.o(.text.readHoldingRegisters)
    __arm_cp.2_4                             0x00000fa0   Number         4  modbus.o(.text.readHoldingRegisters)
    __arm_cp.2_5                             0x00000fa4   Number         4  modbus.o(.text.readHoldingRegisters)
    __arm_cp.2_6                             0x00000fa8   Number         4  modbus.o(.text.readHoldingRegisters)
    __arm_cp.2_7                             0x00000fac   Number         4  modbus.o(.text.readHoldingRegisters)
    __arm_cp.2_8                             0x00000fb0   Number         4  modbus.o(.text.readHoldingRegisters)
    __arm_cp.2_9                             0x00000fb4   Number         4  modbus.o(.text.readHoldingRegisters)
    __arm_cp.2_10                            0x00000fb8   Number         4  modbus.o(.text.readHoldingRegisters)
    __arm_cp.2_11                            0x00000fbc   Number         4  modbus.o(.text.readHoldingRegisters)
    __arm_cp.2_12                            0x00000fc0   Number         4  modbus.o(.text.readHoldingRegisters)
    __arm_cp.2_13                            0x00000fc4   Number         4  modbus.o(.text.readHoldingRegisters)
    __arm_cp.2_14                            0x00000fc8   Number         4  modbus.o(.text.readHoldingRegisters)
    [Anonymous Symbol]                       0x00000fcc   Section        0  content.o(.text.resetSegments)
    __arm_cp.0_0                             0x00001040   Number         4  content.o(.text.resetSegments)
    [Anonymous Symbol]                       0x00001044   Section        0  segment_animate.o(.text.segmentsRender)
    __arm_cp.5_0                             0x000014a8   Number         4  segment_animate.o(.text.segmentsRender)
    __arm_cp.5_1                             0x000014ac   Number         4  segment_animate.o(.text.segmentsRender)
    __arm_cp.5_3                             0x000014b0   Number         4  segment_animate.o(.text.segmentsRender)
    __arm_cp.5_4                             0x000014b4   Number         4  segment_animate.o(.text.segmentsRender)
    __arm_cp.5_5                             0x000014b8   Number         4  segment_animate.o(.text.segmentsRender)
    __arm_cp.5_6                             0x000014bc   Number         4  segment_animate.o(.text.segmentsRender)
    __arm_cp.5_7                             0x000014c0   Number         4  segment_animate.o(.text.segmentsRender)
    __arm_cp.5_8                             0x000014c4   Number         4  segment_animate.o(.text.segmentsRender)
    __arm_cp.5_9                             0x000014c8   Number         4  segment_animate.o(.text.segmentsRender)
    __arm_cp.5_10                            0x000014cc   Number         4  segment_animate.o(.text.segmentsRender)
    __arm_cp.5_11                            0x000014d0   Number         4  segment_animate.o(.text.segmentsRender)
    [Anonymous Symbol]                       0x000014d4   Section        0  content.o(.text.selectContent)
    __arm_cp.24_0                            0x0000171c   Number         4  content.o(.text.selectContent)
    __arm_cp.24_1                            0x00001720   Number         4  content.o(.text.selectContent)
    __arm_cp.24_2                            0x00001724   Number         4  content.o(.text.selectContent)
    __arm_cp.24_3                            0x00001728   Number         4  content.o(.text.selectContent)
    __arm_cp.24_4                            0x0000172c   Number         4  content.o(.text.selectContent)
    __arm_cp.24_5                            0x00001730   Number         4  content.o(.text.selectContent)
    __arm_cp.24_6                            0x00001734   Number         4  content.o(.text.selectContent)
    __arm_cp.24_7                            0x00001738   Number         4  content.o(.text.selectContent)
    __arm_cp.24_8                            0x0000173c   Number         4  content.o(.text.selectContent)
    __arm_cp.24_9                            0x00001740   Number         4  content.o(.text.selectContent)
    __arm_cp.24_10                           0x00001744   Number         4  content.o(.text.selectContent)
    __arm_cp.24_11                           0x00001748   Number         4  content.o(.text.selectContent)
    __arm_cp.24_12                           0x0000174c   Number         4  content.o(.text.selectContent)
    __arm_cp.24_13                           0x00001750   Number         4  content.o(.text.selectContent)
    __arm_cp.24_14                           0x00001754   Number         4  content.o(.text.selectContent)
    __arm_cp.24_15                           0x00001758   Number         4  content.o(.text.selectContent)
    __arm_cp.24_16                           0x0000175c   Number         4  content.o(.text.selectContent)
    __arm_cp.24_17                           0x00001760   Number         4  content.o(.text.selectContent)
    __arm_cp.24_18                           0x00001764   Number         4  content.o(.text.selectContent)
    __arm_cp.24_19                           0x00001768   Number         4  content.o(.text.selectContent)
    __arm_cp.24_20                           0x0000176c   Number         4  content.o(.text.selectContent)
    __arm_cp.24_21                           0x00001770   Number         4  content.o(.text.selectContent)
    __arm_cp.24_22                           0x00001774   Number         4  content.o(.text.selectContent)
    __arm_cp.24_23                           0x00001778   Number         4  content.o(.text.selectContent)
    __arm_cp.24_24                           0x0000177c   Number         4  content.o(.text.selectContent)
    __arm_cp.24_25                           0x00001780   Number         4  content.o(.text.selectContent)
    __arm_cp.24_26                           0x00001784   Number         4  content.o(.text.selectContent)
    __arm_cp.24_27                           0x00001788   Number         4  content.o(.text.selectContent)
    __arm_cp.24_28                           0x0000178c   Number         4  content.o(.text.selectContent)
    __arm_cp.24_29                           0x00001790   Number         4  content.o(.text.selectContent)
    __arm_cp.24_30                           0x00001794   Number         4  content.o(.text.selectContent)
    __arm_cp.24_31                           0x00001798   Number         4  content.o(.text.selectContent)
    __arm_cp.24_32                           0x0000179c   Number         4  content.o(.text.selectContent)
    __arm_cp.24_33                           0x000017a0   Number         4  content.o(.text.selectContent)
    __arm_cp.24_34                           0x000017a4   Number         4  content.o(.text.selectContent)
    __arm_cp.24_35                           0x000017a8   Number         4  content.o(.text.selectContent)
    __arm_cp.24_36                           0x000017ac   Number         4  content.o(.text.selectContent)
    __arm_cp.24_37                           0x000017b0   Number         4  content.o(.text.selectContent)
    [Anonymous Symbol]                       0x000017b4   Section        0  content.o(.text.selection)
    __arm_cp.4_0                             0x0000183c   Number         4  content.o(.text.selection)
    [Anonymous Symbol]                       0x00001840   Section        0  modbus.o(.text.serialHandler)
    __arm_cp.9_0                             0x00001880   Number         4  modbus.o(.text.serialHandler)
    __arm_cp.9_1                             0x00001884   Number         4  modbus.o(.text.serialHandler)
    __arm_cp.9_3                             0x00001888   Number         4  modbus.o(.text.serialHandler)
    [Anonymous Symbol]                       0x0000188c   Section        0  bezier.o(.text.setColor)
    [Anonymous Symbol]                       0x00001896   Section        0  segment_animate.o(.text.smear)
    [Anonymous Symbol]                       0x00001904   Section        0  modbus.o(.text.writeMultipleRegisters)
    __arm_cp.5_3                             0x00001988   Number         4  modbus.o(.text.writeMultipleRegisters)
    [Anonymous Symbol]                       0x0000198c   Section        0  modbus.o(.text.writeMultipleReply)
    __arm_cp.6_0                             0x000019e8   Number         4  modbus.o(.text.writeMultipleReply)
    __arm_cp.6_2                             0x000019ec   Number         4  modbus.o(.text.writeMultipleReply)
    __arm_cp.6_3                             0x000019f0   Number         4  modbus.o(.text.writeMultipleReply)
    __arm_cp.6_4                             0x000019f4   Number         4  modbus.o(.text.writeMultipleReply)
    __arm_cp.6_5                             0x000019f8   Number         4  modbus.o(.text.writeMultipleReply)
    __arm_cp.6_6                             0x000019fc   Number         4  modbus.o(.text.writeMultipleReply)
    __arm_cp.6_7                             0x00001a00   Number         4  modbus.o(.text.writeMultipleReply)
    [Anonymous Symbol]                       0x00001a04   Section        0  modbus.o(.text.writeSingleRegister)
    __arm_cp.3_0                             0x00001a78   Number         4  modbus.o(.text.writeSingleRegister)
    __arm_cp.3_1                             0x00001a7c   Number         4  modbus.o(.text.writeSingleRegister)
    __arm_cp.3_2                             0x00001a80   Number         4  modbus.o(.text.writeSingleRegister)
    __arm_cp.3_3                             0x00001a84   Number         4  modbus.o(.text.writeSingleRegister)
    __arm_cp.3_4                             0x00001a88   Number         4  modbus.o(.text.writeSingleRegister)
    __arm_cp.3_5                             0x00001a8c   Number         4  modbus.o(.text.writeSingleRegister)
    __arm_cp.3_6                             0x00001a90   Number         4  modbus.o(.text.writeSingleRegister)
    __arm_cp.3_7                             0x00001a94   Number         4  modbus.o(.text.writeSingleRegister)
    lastState                                0x10000008   Data           4  content.o(.data.lastState)
    [Anonymous Symbol]                       0x10000008   Section        0  content.o(.data.lastState)
    .bss                                     0x10000018   Section       96  libspace.o(.bss)
    oldLedBuffer                             0x10000248   Data         400  segment_animate.o(.bss.oldLedBuffer)
    [Anonymous Symbol]                       0x10000248   Section        0  segment_animate.o(.bss.oldLedBuffer)
    transitionPos                            0x10000cbc   Data           2  segment_animate.o(.bss.transitionPos)
    [Anonymous Symbol]                       0x10000cbc   Section        0  segment_animate.o(.bss.transitionPos)
    transitioning                            0x10000cbe   Data           1  segment_animate.o(.bss.transitioning)
    [Anonymous Symbol]                       0x10000cbe   Section        0  segment_animate.o(.bss.transitioning)
    Heap_Mem                                 0x10000dc0   Data           0  startup_lpc11xx.o(HEAP)
    Stack_Mem                                0x10000dc0   Data         512  startup_lpc11xx.o(STACK)
    HEAP                                     0x10000dc0   Section        0  startup_lpc11xx.o(HEAP)
    STACK                                    0x10000dc0   Section      512  startup_lpc11xx.o(STACK)
    __initial_sp                             0x10000fc0   Data           0  startup_lpc11xx.o(STACK)

    Global Symbols

    Symbol Name                              Value     Ov Type        Size  Object(Section)

    BuildAttributes$$THM_ISAv3M$S$PE$A:L22$X:L11$S22$IEEE1$IW$~IW$USESV6$~STKCKD$USESV7$~SHL$OSPACE$ROPI$EBA8$UX$STANDARDLIB$REQ8$PRES8$EABIv2 0x00000000   Number         0  anon$$obj.o ABSOLUTE
    __Vectors                                0x00000000   Data           4  startup_lpc11xx.o(RESET)
    __ARM_exceptions_init                     - Undefined Weak Reference
    __alloca_initialize                       - Undefined Weak Reference
    __arm_preinit_                            - Undefined Weak Reference
    __arm_relocate_pie_                       - Undefined Weak Reference
    __cpp_initialize__aeabi_                  - Undefined Weak Reference
    __cxa_finalize                            - Undefined Weak Reference
    __rt_locale                               - Undefined Weak Reference
    __sigvec_lookup                           - Undefined Weak Reference
    _atexit_init                              - Undefined Weak Reference
    _call_atexit_fns                          - Undefined Weak Reference
    _clock_init                               - Undefined Weak Reference
    _fp_trap_init                             - Undefined Weak Reference
    _fp_trap_shutdown                         - Undefined Weak Reference
    _get_lc_collate                           - Undefined Weak Reference
    _get_lc_ctype                             - Undefined Weak Reference
    _get_lc_monetary                          - Undefined Weak Reference
    _get_lc_numeric                           - Undefined Weak Reference
    _get_lc_time                              - Undefined Weak Reference
    _getenv_init                              - Undefined Weak Reference
    _handle_redirection                       - Undefined Weak Reference
    _init_alloc                               - Undefined Weak Reference
    _init_user_alloc                          - Undefined Weak Reference
    _initio                                   - Undefined Weak Reference
    _rand_init                                - Undefined Weak Reference
    _signal_finish                            - Undefined Weak Reference
    _signal_init                              - Undefined Weak Reference
    _terminate_alloc                          - Undefined Weak Reference
    _terminate_user_alloc                     - Undefined Weak Reference
    _terminateio                              - Undefined Weak Reference
    __main                                   0x000000c1   Thumb Code     8  __main.o(!!!main)
    __scatterload                            0x000000c9   Thumb Code     0  __scatter.o(!!!scatter)
    __scatterload_rt2                        0x000000c9   Thumb Code    74  __scatter.o(!!!scatter)
    __scatterload_rt2_thumb_only             0x000000c9   Thumb Code     0  __scatter.o(!!!scatter)
    __scatterload_loop                       0x000000d3   Thumb Code     0  __scatter.o(!!!scatter)
    __scatterload_copy                       0x0000011d   Thumb Code    26  __scatter_copy.o(!!handler_copy)
    __scatterload_null                       0x00000139   Thumb Code     2  __scatter.o(!!handler_null)
    __scatterload_zeroinit                   0x0000013d   Thumb Code    28  __scatter_zi.o(!!handler_zi)
    __rt_lib_init                            0x00000159   Thumb Code     0  libinit.o(.ARM.Collect$$libinit$$00000000)
    __rt_lib_init_alloca_1                   0x0000015b   Thumb Code     0  libinit2.o(.ARM.Collect$$libinit$$00000030)
    __rt_lib_init_argv_1                     0x0000015b   Thumb Code     0  libinit2.o(.ARM.Collect$$libinit$$0000002E)
    __rt_lib_init_atexit_1                   0x0000015b   Thumb Code     0  libinit2.o(.ARM.Collect$$libinit$$0000001D)
    __rt_lib_init_clock_1                    0x0000015b   Thumb Code     0  libinit2.o(.ARM.Collect$$libinit$$00000023)
    __rt_lib_init_cpp_1                      0x0000015b   Thumb Code     0  libinit2.o(.ARM.Collect$$libinit$$00000034)
    __rt_lib_init_exceptions_1               0x0000015b   Thumb Code     0  libinit2.o(.ARM.Collect$$libinit$$00000032)
    __rt_lib_init_fp_1                       0x0000015b   Thumb Code     0  libinit2.o(.ARM.Collect$$libinit$$00000002)
    __rt_lib_init_fp_trap_1                  0x0000015b   Thumb Code     0  libinit2.o(.ARM.Collect$$libinit$$00000021)
    __rt_lib_init_getenv_1                   0x0000015b   Thumb Code     0  libinit2.o(.ARM.Collect$$libinit$$00000025)
    __rt_lib_init_heap_1                     0x0000015b   Thumb Code     0  libinit2.o(.ARM.Collect$$libinit$$0000000C)
    __rt_lib_init_lc_collate_1               0x0000015b   Thumb Code     0  libinit2.o(.ARM.Collect$$libinit$$00000013)
    __rt_lib_init_lc_ctype_1                 0x0000015b   Thumb Code     0  libinit2.o(.ARM.Collect$$libinit$$00000015)
    __rt_lib_init_lc_monetary_1              0x0000015b   Thumb Code     0  libinit2.o(.ARM.Collect$$libinit$$00000017)
    __rt_lib_init_lc_numeric_1               0x0000015b   Thumb Code     0  libinit2.o(.ARM.Collect$$libinit$$00000019)
    __rt_lib_init_lc_time_1                  0x0000015b   Thumb Code     0  libinit2.o(.ARM.Collect$$libinit$$0000001B)
    __rt_lib_init_preinit_1                  0x0000015b   Thumb Code     0  libinit2.o(.ARM.Collect$$libinit$$00000006)
    __rt_lib_init_rand_1                     0x0000015b   Thumb Code     0  libinit2.o(.ARM.Collect$$libinit$$00000010)
    __rt_lib_init_relocate_pie_1             0x0000015b   Thumb Code     0  libinit2.o(.ARM.Collect$$libinit$$00000004)
    __rt_lib_init_return                     0x0000015b   Thumb Code     0  libinit2.o(.ARM.Collect$$libinit$$00000035)
    __rt_lib_init_signal_1                   0x0000015b   Thumb Code     0  libinit2.o(.ARM.Collect$$libinit$$0000001F)
    __rt_lib_init_stdio_1                    0x0000015b   Thumb Code     0  libinit2.o(.ARM.Collect$$libinit$$00000027)
    __rt_lib_init_user_alloc_1               0x0000015b   Thumb Code     0  libinit2.o(.ARM.Collect$$libinit$$0000000E)
    __rt_lib_shutdown                        0x0000015d   Thumb Code     0  libshutdown.o(.ARM.Collect$$libshutdown$$00000000)
    __rt_lib_shutdown_cpp_1                  0x0000015f   Thumb Code     0  libshutdown2.o(.ARM.Collect$$libshutdown$$00000002)
    __rt_lib_shutdown_fp_trap_1              0x0000015f   Thumb Code     0  libshutdown2.o(.ARM.Collect$$libshutdown$$00000007)
    __rt_lib_shutdown_heap_1                 0x0000015f   Thumb Code     0  libshutdown2.o(.ARM.Collect$$libshutdown$$0000000F)
    __rt_lib_shutdown_return                 0x0000015f   Thumb Code     0  libshutdown2.o(.ARM.Collect$$libshutdown$$00000010)
    __rt_lib_shutdown_signal_1               0x0000015f   Thumb Code     0  libshutdown2.o(.ARM.Collect$$libshutdown$$0000000A)
    __rt_lib_shutdown_stdio_1                0x0000015f   Thumb Code     0  libshutdown2.o(.ARM.Collect$$libshutdown$$00000004)
    __rt_lib_shutdown_user_alloc_1           0x0000015f   Thumb Code     0  libshutdown2.o(.ARM.Collect$$libshutdown$$0000000C)
    __rt_entry                               0x00000161   Thumb Code     0  __rtentry.o(.ARM.Collect$$rtentry$$00000000)
    __rt_entry_presh_1                       0x00000161   Thumb Code     0  __rtentry2.o(.ARM.Collect$$rtentry$$00000002)
    __rt_entry_sh                            0x00000161   Thumb Code     0  __rtentry4.o(.ARM.Collect$$rtentry$$00000004)
    __rt_entry_li                            0x00000167   Thumb Code     0  __rtentry2.o(.ARM.Collect$$rtentry$$0000000A)
    __rt_entry_postsh_1                      0x00000167   Thumb Code     0  __rtentry2.o(.ARM.Collect$$rtentry$$00000009)
    __rt_entry_main                          0x0000016b   Thumb Code     0  __rtentry2.o(.ARM.Collect$$rtentry$$0000000D)
    __rt_entry_postli_1                      0x0000016b   Thumb Code     0  __rtentry2.o(.ARM.Collect$$rtentry$$0000000C)
    __rt_exit                                0x00000173   Thumb Code     0  rtexit.o(.ARM.Collect$$rtexit$$00000000)
    __rt_exit_ls                             0x00000175   Thumb Code     0  rtexit2.o(.ARM.Collect$$rtexit$$00000003)
    __rt_exit_prels_1                        0x00000175   Thumb Code     0  rtexit2.o(.ARM.Collect$$rtexit$$00000002)
    __rt_exit_exit                           0x00000179   Thumb Code     0  rtexit2.o(.ARM.Collect$$rtexit$$00000004)
    __aeabi_memcpy4                          0x00000181   Thumb Code    56  rt_memcpy.o(.emb_text)
    __aeabi_memcpy8                          0x00000181   Thumb Code     0  rt_memcpy.o(.emb_text)
    Reset_Handler                            0x000001b9   Thumb Code     8  startup_lpc11xx.o(.text)
    NMI_Handler                              0x000001c1   Thumb Code     2  startup_lpc11xx.o(.text)
    HardFault_Handler                        0x000001c3   Thumb Code     2  startup_lpc11xx.o(.text)
    SVC_Handler                              0x000001c5   Thumb Code     2  startup_lpc11xx.o(.text)
    PendSV_Handler                           0x000001c7   Thumb Code     2  startup_lpc11xx.o(.text)
    ADC_IRQHandler                           0x000001cb   Thumb Code     0  startup_lpc11xx.o(.text)
    BOD_IRQHandler                           0x000001cb   Thumb Code     0  startup_lpc11xx.o(.text)
    CAN_IRQHandler                           0x000001cb   Thumb Code     0  startup_lpc11xx.o(.text)
    FMC_IRQHandler                           0x000001cb   Thumb Code     0  startup_lpc11xx.o(.text)
    I2C_IRQHandler                           0x000001cb   Thumb Code     0  startup_lpc11xx.o(.text)
    PIOINT0_IRQHandler                       0x000001cb   Thumb Code     0  startup_lpc11xx.o(.text)
    PIOINT1_IRQHandler                       0x000001cb   Thumb Code     0  startup_lpc11xx.o(.text)
    PIOINT2_IRQHandler                       0x000001cb   Thumb Code     0  startup_lpc11xx.o(.text)
    PIOINT3_IRQHandler                       0x000001cb   Thumb Code     0  startup_lpc11xx.o(.text)
    SSP0_IRQHandler                          0x000001cb   Thumb Code     0  startup_lpc11xx.o(.text)
    SSP1_IRQHandler                          0x000001cb   Thumb Code     0  startup_lpc11xx.o(.text)
    TIMER16_0_IRQHandler                     0x000001cb   Thumb Code     0  startup_lpc11xx.o(.text)
    TIMER16_1_IRQHandler                     0x000001cb   Thumb Code     0  startup_lpc11xx.o(.text)
    TIMER32_1_IRQHandler                     0x000001cb   Thumb Code     0  startup_lpc11xx.o(.text)
    USB_FIQHandler                           0x000001cb   Thumb Code     0  startup_lpc11xx.o(.text)
    USB_IRQHandler                           0x000001cb   Thumb Code     0  startup_lpc11xx.o(.text)
    WAKEUP_IRQHandler                        0x000001cb   Thumb Code     0  startup_lpc11xx.o(.text)
    WDT_IRQHandler                           0x000001cb   Thumb Code     0  startup_lpc11xx.o(.text)
    __user_initial_stackheap                 0x000001cd   Thumb Code     0  startup_lpc11xx.o(.text)
    __aeabi_memcpy                           0x000001ed   Thumb Code   130  rt_memcpy.o(.text)
    __rt_memcpy                              0x000001ed   Thumb Code     0  rt_memcpy.o(.text)
    _memset_w                                0x0000026f   Thumb Code    26  rt_memclr.o(.text)
    _memset                                  0x00000289   Thumb Code    30  rt_memclr.o(.text)
    __aeabi_memclr                           0x000002a7   Thumb Code     4  rt_memclr.o(.text)
    __rt_memclr                              0x000002a7   Thumb Code     0  rt_memclr.o(.text)
    __aeabi_memclr4                          0x000002ab   Thumb Code     0  rt_memclr.o(.text)
    __aeabi_memclr8                          0x000002ab   Thumb Code     0  rt_memclr.o(.text)
    __rt_memclr_w                            0x000002ab   Thumb Code     4  rt_memclr.o(.text)
    __use_two_region_memory                  0x000002af   Thumb Code     2  heapauxi.o(.text)
    __rt_heap_escrow$2region                 0x000002b1   Thumb Code     2  heapauxi.o(.text)
    __rt_heap_expand$2region                 0x000002b3   Thumb Code     2  heapauxi.o(.text)
    __user_setup_stackheap                   0x000002b5   Thumb Code    62  sys_stackheap_outer.o(.text)
    __user_libspace                          0x000002f5   Thumb Code     8  libspace.o(.text)
    __user_perproc_libspace                  0x000002f5   Thumb Code     0  libspace.o(.text)
    __user_perthread_libspace                0x000002f5   Thumb Code     0  libspace.o(.text)
    __aeabi_uidiv                            0x00000301   Thumb Code     0  aeabi_sdiv.o(.text)
    __aeabi_uidivmod                         0x00000301   Thumb Code    20  aeabi_sdiv.o(.text)
    __aeabi_idiv                             0x00000315   Thumb Code     0  aeabi_sdiv.o(.text)
    __aeabi_idivmod                          0x00000315   Thumb Code   338  aeabi_sdiv.o(.text)
    exit                                     0x0000046d   Thumb Code    16  exit.o(.text)
    _sys_exit                                0x0000047d   Thumb Code     8  sys_exit.o(.text)
    __I$use$semihosting                      0x00000489   Thumb Code     0  use_no_semi.o(.text)
    __use_no_semihosting_swi                 0x00000489   Thumb Code     2  use_no_semi.o(.text)
    __semihosting_library_function           0x0000048b   Thumb Code     0  indicate_semi.o(.text)
    SysTick_Handler                          0x0000048d   Thumb Code    28  interrupts.o(.text.SysTick_Handler)
    SystemCoreClockUpdate                    0x000004b1   Thumb Code   112  system_lpc11xx.o(.text.SystemCoreClockUpdate)
    SystemInit                               0x00000569   Thumb Code    64  system_lpc11xx.o(.text.SystemInit)
    TIMER32_0_IRQHandler                     0x000005b1   Thumb Code    12  interrupts.o(.text.TIMER32_0_IRQHandler)
    UART_IRQHandler                          0x000005c1   Thumb Code    56  interrupts.o(.text.UART_IRQHandler)
    UART_Init                                0x0000060d   Thumb Code   104  uart.o(.text.UART_Init)
    UART_ReceiveInit                         0x0000068d   Thumb Code    20  uart.o(.text.UART_ReceiveInit)
    UART_SendChar                            0x000006a9   Thumb Code    20  uart.o(.text.UART_SendChar)
    biCubicGradient                          0x000006c1   Thumb Code   108  bezier.o(.text.biCubicGradient)
    calculateActualSegmentlengths            0x0000072d   Thumb Code   192  content.o(.text.calculateActualSegmentlengths)
    calculateGammaColorRGB                   0x000007f9   Thumb Code    80  led_drive.o(.text.calculateGammaColorRGB)
    checkPacketCrc                           0x00000855   Thumb Code   108  modbus.o(.text.checkPacketCrc)
    cubic                                    0x000008cd   Thumb Code   152  bezier.o(.text.cubic)
    cubicGradient                            0x0000096d   Thumb Code   108  bezier.o(.text.cubicGradient)
    cycling3                                 0x000009d9   Thumb Code    88  content.o(.text.cycling3)
    delayMs                                  0x00000a49   Thumb Code    24  main.o(.text.delayMs)
    exampleGradientContent                   0x00000a61   Thumb Code   124  content.o(.text.exampleGradientContent)
    fillLedBar                               0x00000ae5   Thumb Code   264  led_drive.o(.text.fillLedBar)
    handleRxPacket                           0x00000bfd   Thumb Code    64  modbus.o(.text.handleRxPacket)
    initSegmentTransition                    0x00000c41   Thumb Code    32  segment_animate.o(.text.initSegmentTransition)
    ioInit                                   0x00000c71   Thumb Code    80  main.o(.text.ioInit)
    ledsOff                                  0x00000cd5   Thumb Code    16  led_drive.o(.text.ledsOff)
    main                                     0x00000ce9   Thumb Code   240  main.o(.text.main)
    modBusSend                               0x00000dfd   Thumb Code    60  modbus.o(.text.modBusSend)
    modbusACKReply                           0x00000e3d   Thumb Code    56  modbus.o(.text.modbusACKReply)
    prepareModbusRegisters                   0x00000e79   Thumb Code    68  modbus.o(.text.prepareModbusRegisters)
    readHoldingRegisters                     0x00000ec9   Thumb Code   200  modbus.o(.text.readHoldingRegisters)
    resetSegments                            0x00000fcd   Thumb Code   116  content.o(.text.resetSegments)
    segmentsRender                           0x00001045   Thumb Code  1124  segment_animate.o(.text.segmentsRender)
    selectContent                            0x000014d5   Thumb Code   584  content.o(.text.selectContent)
    selection                                0x000017b5   Thumb Code   136  content.o(.text.selection)
    serialHandler                            0x00001841   Thumb Code    64  modbus.o(.text.serialHandler)
    setColor                                 0x0000188d   Thumb Code    10  bezier.o(.text.setColor)
    smear                                    0x00001897   Thumb Code   110  segment_animate.o(.text.smear)
    writeMultipleRegisters                   0x00001905   Thumb Code   132  modbus.o(.text.writeMultipleRegisters)
    writeMultipleReply                       0x0000198d   Thumb Code    92  modbus.o(.text.writeMultipleReply)
    writeSingleRegister                      0x00001a05   Thumb Code   116  modbus.o(.text.writeSingleRegister)
    Region$$Table$$Base                      0x00001a98   Number         0  anon$$obj.o(Region$$Table)
    Region$$Table$$Limit                     0x00001ab8   Number         0  anon$$obj.o(Region$$Table)
    SystemCoreClock                          0x10000000   Data           4  system_lpc11xx.o(.data.SystemCoreClock)
    dimm                                     0x10000004   Data           4  main.o(.data.dimm)
    ledCount                                 0x1000000c   Data           2  led_drive.o(.data.ledCount)
    previousState                            0x10000010   Data           4  content.o(.data.previousState)
    slaveAddress                             0x10000014   Data           1  modbus.o(.data.slaveAddress)
    uartBaudRate                             0x10000016   Data           2  uart.o(.data.uartBaudRate)
    __libspace_start                         0x10000018   Data          96  libspace.o(.bss)
    __temporary_stack_top$libspace           0x10000078   Data           0  libspace.o(.bss)
    animationRunning                         0x10000078   Data           2  segment_animate.o(.bss.animationRunning)
    color                                    0x1000007c   Data           3  segment_animate.o(.bss.color)
    led                                      0x10000080   Data         400  led_drive.o(.bss.led)
    ledCounter                               0x10000210   Data           4  led_drive.o(.bss.ledCounter)
    machineState                             0x10000214   Data           4  main.o(.bss.machineState)
    modbusReceived                           0x10000218   Data           2  modbus.o(.bss.modbusReceived)
    modbusRegisters                          0x1000021c   Data          40  modbus.o(.bss.modbusRegisters)
    modbusSendBufferLen                      0x10000244   Data           2  modbus.o(.bss.modbusSendBufferLen)
    modbusSendPending                        0x10000246   Data           2  modbus.o(.bss.modbusSendPending)
    receiveFlag                              0x100003d8   Data           1  interrupts.o(.bss.receiveFlag)
    receivedChar                             0x100003d9   Data           1  uart.o(.bss.receivedChar)
    registerAddress                          0x100003da   Data           2  modbus.o(.bss.registerAddress)
    registerCount                            0x100003dc   Data           2  modbus.o(.bss.registerCount)
    resdly                                   0x100003e0   Data           4  main.o(.bss.resdly)
    rxBuff                                   0x100003e4   Data         256  interrupts.o(.bss.rxBuff)
    rxIndice                                 0x100004e4   Data           4  interrupts.o(.bss.rxIndice)
    rxInterval                               0x100004e8   Data           4  interrupts.o(.bss.rxInterval)
    s                                        0x100004ec   Data         448  main.o(.bss.s)
    secCount                                 0x100006ac   Data           4  interrupts.o(.bss.secCount)
    secFlag                                  0x100006b0   Data           1  interrupts.o(.bss.secFlag)
    segBuf                                   0x100006b4   Data        1536  segment_animate.o(.bss.segBuf)
    sh2b                                     0x10000cb4   Data           2  modbus.o(.bss.sh2b)
    t                                        0x10000cb8   Data           4  main.o(.bss.t)
    txBuff                                   0x10000cbf   Data         256  interrupts.o(.bss.txBuff)



==============================================================================

Memory Map of the image

  Image Entry point : 0x000000c1

  Load Region LR_IROM1 (Base: 0x00000000, Size: 0x00001ad0, Max: 0x00008000, ABSOLUTE)

    Execution Region ER_IROM1 (Exec base: 0x00000000, Load base: 0x00000000, Size: 0x00001ab8, Max: 0x00008000, ABSOLUTE)

    Exec Addr    Load Addr    Size         Type   Attr      Idx    E Section Name        Object

    0x00000000   0x00000000   0x000000c0   Data   RO          340    RESET               startup_lpc11xx.o
    0x000000c0   0x000000c0   0x00000008   Code   RO          377  * !!!main             c_p.l(__main.o)
    0x000000c8   0x000000c8   0x00000054   Code   RO          554    !!!scatter          c_p.l(__scatter.o)
    0x0000011c   0x0000011c   0x0000001a   Code   RO          558    !!handler_copy      c_p.l(__scatter_copy.o)
    0x00000136   0x00000136   0x00000002   PAD
    0x00000138   0x00000138   0x00000002   Code   RO          555    !!handler_null      c_p.l(__scatter.o)
    0x0000013a   0x0000013a   0x00000002   PAD
    0x0000013c   0x0000013c   0x0000001c   Code   RO          560    !!handler_zi        c_p.l(__scatter_zi.o)
    0x00000158   0x00000158   0x00000002   Code   RO          415    .ARM.Collect$$libinit$$00000000  c_p.l(libinit.o)
    0x0000015a   0x0000015a   0x00000000   Code   RO          429    .ARM.Collect$$libinit$$00000002  c_p.l(libinit2.o)
    0x0000015a   0x0000015a   0x00000000   Code   RO          431    .ARM.Collect$$libinit$$00000004  c_p.l(libinit2.o)
    0x0000015a   0x0000015a   0x00000000   Code   RO          433    .ARM.Collect$$libinit$$00000006  c_p.l(libinit2.o)
    0x0000015a   0x0000015a   0x00000000   Code   RO          436    .ARM.Collect$$libinit$$0000000C  c_p.l(libinit2.o)
    0x0000015a   0x0000015a   0x00000000   Code   RO          438    .ARM.Collect$$libinit$$0000000E  c_p.l(libinit2.o)
    0x0000015a   0x0000015a   0x00000000   Code   RO          440    .ARM.Collect$$libinit$$00000010  c_p.l(libinit2.o)
    0x0000015a   0x0000015a   0x00000000   Code   RO          443    .ARM.Collect$$libinit$$00000013  c_p.l(libinit2.o)
    0x0000015a   0x0000015a   0x00000000   Code   RO          445    .ARM.Collect$$libinit$$00000015  c_p.l(libinit2.o)
    0x0000015a   0x0000015a   0x00000000   Code   RO          447    .ARM.Collect$$libinit$$00000017  c_p.l(libinit2.o)
    0x0000015a   0x0000015a   0x00000000   Code   RO          449    .ARM.Collect$$libinit$$00000019  c_p.l(libinit2.o)
    0x0000015a   0x0000015a   0x00000000   Code   RO          451    .ARM.Collect$$libinit$$0000001B  c_p.l(libinit2.o)
    0x0000015a   0x0000015a   0x00000000   Code   RO          453    .ARM.Collect$$libinit$$0000001D  c_p.l(libinit2.o)
    0x0000015a   0x0000015a   0x00000000   Code   RO          455    .ARM.Collect$$libinit$$0000001F  c_p.l(libinit2.o)
    0x0000015a   0x0000015a   0x00000000   Code   RO          457    .ARM.Collect$$libinit$$00000021  c_p.l(libinit2.o)
    0x0000015a   0x0000015a   0x00000000   Code   RO          459    .ARM.Collect$$libinit$$00000023  c_p.l(libinit2.o)
    0x0000015a   0x0000015a   0x00000000   Code   RO          461    .ARM.Collect$$libinit$$00000025  c_p.l(libinit2.o)
    0x0000015a   0x0000015a   0x00000000   Code   RO          463    .ARM.Collect$$libinit$$00000027  c_p.l(libinit2.o)
    0x0000015a   0x0000015a   0x00000000   Code   RO          467    .ARM.Collect$$libinit$$0000002E  c_p.l(libinit2.o)
    0x0000015a   0x0000015a   0x00000000   Code   RO          469    .ARM.Collect$$libinit$$00000030  c_p.l(libinit2.o)
    0x0000015a   0x0000015a   0x00000000   Code   RO          471    .ARM.Collect$$libinit$$00000032  c_p.l(libinit2.o)
    0x0000015a   0x0000015a   0x00000000   Code   RO          473    .ARM.Collect$$libinit$$00000034  c_p.l(libinit2.o)
    0x0000015a   0x0000015a   0x00000002   Code   RO          474    .ARM.Collect$$libinit$$00000035  c_p.l(libinit2.o)
    0x0000015c   0x0000015c   0x00000002   Code   RO          509    .ARM.Collect$$libshutdown$$00000000  c_p.l(libshutdown.o)
    0x0000015e   0x0000015e   0x00000000   Code   RO          537    .ARM.Collect$$libshutdown$$00000002  c_p.l(libshutdown2.o)
    0x0000015e   0x0000015e   0x00000000   Code   RO          539    .ARM.Collect$$libshutdown$$00000004  c_p.l(libshutdown2.o)
    0x0000015e   0x0000015e   0x00000000   Code   RO          542    .ARM.Collect$$libshutdown$$00000007  c_p.l(libshutdown2.o)
    0x0000015e   0x0000015e   0x00000000   Code   RO          545    .ARM.Collect$$libshutdown$$0000000A  c_p.l(libshutdown2.o)
    0x0000015e   0x0000015e   0x00000000   Code   RO          547    .ARM.Collect$$libshutdown$$0000000C  c_p.l(libshutdown2.o)
    0x0000015e   0x0000015e   0x00000000   Code   RO          550    .ARM.Collect$$libshutdown$$0000000F  c_p.l(libshutdown2.o)
    0x0000015e   0x0000015e   0x00000002   Code   RO          551    .ARM.Collect$$libshutdown$$00000010  c_p.l(libshutdown2.o)
    0x00000160   0x00000160   0x00000000   Code   RO          379    .ARM.Collect$$rtentry$$00000000  c_p.l(__rtentry.o)
    0x00000160   0x00000160   0x00000000   Code   RO          385    .ARM.Collect$$rtentry$$00000002  c_p.l(__rtentry2.o)
    0x00000160   0x00000160   0x00000006   Code   RO          397    .ARM.Collect$$rtentry$$00000004  c_p.l(__rtentry4.o)
    0x00000166   0x00000166   0x00000000   Code   RO          387    .ARM.Collect$$rtentry$$00000009  c_p.l(__rtentry2.o)
    0x00000166   0x00000166   0x00000004   Code   RO          388    .ARM.Collect$$rtentry$$0000000A  c_p.l(__rtentry2.o)
    0x0000016a   0x0000016a   0x00000000   Code   RO          390    .ARM.Collect$$rtentry$$0000000C  c_p.l(__rtentry2.o)
    0x0000016a   0x0000016a   0x00000008   Code   RO          391    .ARM.Collect$$rtentry$$0000000D  c_p.l(__rtentry2.o)
    0x00000172   0x00000172   0x00000002   Code   RO          420    .ARM.Collect$$rtexit$$00000000  c_p.l(rtexit.o)
    0x00000174   0x00000174   0x00000000   Code   RO          480    .ARM.Collect$$rtexit$$00000002  c_p.l(rtexit2.o)
    0x00000174   0x00000174   0x00000004   Code   RO          481    .ARM.Collect$$rtexit$$00000003  c_p.l(rtexit2.o)
    0x00000178   0x00000178   0x00000006   Code   RO          482    .ARM.Collect$$rtexit$$00000004  c_p.l(rtexit2.o)
    0x0000017e   0x0000017e   0x00000002   PAD
    0x00000180   0x00000180   0x00000038   Code   RO          365    .emb_text           c_p.l(rt_memcpy.o)
    0x000001b8   0x000001b8   0x00000034   Code   RO          342    .text               startup_lpc11xx.o
    0x000001ec   0x000001ec   0x00000082   Code   RO          366    .text               c_p.l(rt_memcpy.o)
    0x0000026e   0x0000026e   0x00000040   Code   RO          369    .text               c_p.l(rt_memclr.o)
    0x000002ae   0x000002ae   0x00000006   Code   RO          375    .text               c_p.l(heapauxi.o)
    0x000002b4   0x000002b4   0x0000003e   Code   RO          401    .text               c_p.l(sys_stackheap_outer.o)
    0x000002f2   0x000002f2   0x00000002   PAD
    0x000002f4   0x000002f4   0x00000008   Code   RO          416    .text               c_p.l(libspace.o)
    0x000002fc   0x000002fc   0x00000004   Code   RO          341    .ARM.__at_0x02FC    startup_lpc11xx.o
    0x00000300   0x00000300   0x0000016c   Code   RO          371    .text               c_p.l(aeabi_sdiv.o)
    0x0000046c   0x0000046c   0x00000010   Code   RO          404    .text               c_p.l(exit.o)
    0x0000047c   0x0000047c   0x0000000c   Code   RO          475    .text               c_p.l(sys_exit.o)
    0x00000488   0x00000488   0x00000002   Code   RO          498    .text               c_p.l(use_no_semi.o)
    0x0000048a   0x0000048a   0x00000000   Code   RO          500    .text               c_p.l(indicate_semi.o)
    0x0000048a   0x0000048a   0x00000002   PAD
    0x0000048c   0x0000048c   0x00000024   Code   RO          139    .text.SysTick_Handler  interrupts.o
    0x000004b0   0x000004b0   0x000000b8   Code   RO          351    .text.SystemCoreClockUpdate  system_lpc11xx.o
    0x00000568   0x00000568   0x00000048   Code   RO          353    .text.SystemInit    system_lpc11xx.o
    0x000005b0   0x000005b0   0x00000010   Code   RO          141    .text.TIMER32_0_IRQHandler  interrupts.o
    0x000005c0   0x000005c0   0x0000004c   Code   RO          143    .text.UART_IRQHandler  interrupts.o
    0x0000060c   0x0000060c   0x00000080   Code   RO           75    .text.UART_Init     uart.o
    0x0000068c   0x0000068c   0x0000001c   Code   RO           83    .text.UART_ReceiveInit  uart.o
    0x000006a8   0x000006a8   0x00000018   Code   RO           77    .text.UART_SendChar  uart.o
    0x000006c0   0x000006c0   0x0000006c   Code   RO           39    .text.biCubicGradient  bezier.o
    0x0000072c   0x0000072c   0x000000cc   Code   RO          325    .text.calculateActualSegmentlengths  content.o
    0x000007f8   0x000007f8   0x0000005c   Code   RO          187    .text.calculateGammaColorRGB  led_drive.o
    0x00000854   0x00000854   0x00000078   Code   RO           99    .text.checkPacketCrc  modbus.o
    0x000008cc   0x000008cc   0x000000a0   Code   RO           35    .text.cubic         bezier.o
    0x0000096c   0x0000096c   0x0000006c   Code   RO           37    .text.cubicGradient  bezier.o
    0x000009d8   0x000009d8   0x00000070   Code   RO          293    .text.cycling3      content.o
    0x00000a48   0x00000a48   0x00000018   Code   RO            8    .text.delayMs       main.o
    0x00000a60   0x00000a60   0x00000084   Code   RO          281    .text.exampleGradientContent  content.o
    0x00000ae4   0x00000ae4   0x00000118   Code   RO          175    .text.fillLedBar    led_drive.o
    0x00000bfc   0x00000bfc   0x00000044   Code   RO           97    .text.handleRxPacket  modbus.o
    0x00000c40   0x00000c40   0x00000030   Code   RO          259    .text.initSegmentTransition  segment_animate.o
    0x00000c70   0x00000c70   0x00000064   Code   RO            2    .text.ioInit        main.o
    0x00000cd4   0x00000cd4   0x00000014   Code   RO          179    .text.ledsOff       led_drive.o
    0x00000ce8   0x00000ce8   0x00000114   Code   RO           12    .text.main          main.o
    0x00000dfc   0x00000dfc   0x00000040   Code   RO          113    .text.modBusSend    modbus.o
    0x00000e3c   0x00000e3c   0x0000003c   Code   RO          105    .text.modbusACKReply  modbus.o
    0x00000e78   0x00000e78   0x00000050   Code   RO          117    .text.prepareModbusRegisters  modbus.o
    0x00000ec8   0x00000ec8   0x00000104   Code   RO          101    .text.readHoldingRegisters  modbus.o
    0x00000fcc   0x00000fcc   0x00000078   Code   RO          279    .text.resetSegments  content.o
    0x00001044   0x00001044   0x00000490   Code   RO          261    .text.segmentsRender  segment_animate.o
    0x000014d4   0x000014d4   0x000002e0   Code   RO          327    .text.selectContent  content.o
    0x000017b4   0x000017b4   0x0000008c   Code   RO          287    .text.selection     content.o
    0x00001840   0x00001840   0x0000004c   Code   RO          115    .text.serialHandler  modbus.o
    0x0000188c   0x0000188c   0x0000000a   Code   RO           29    .text.setColor      bezier.o
    0x00001896   0x00001896   0x0000006e   Code   RO          263    .text.smear         segment_animate.o
    0x00001904   0x00001904   0x00000088   Code   RO          107    .text.writeMultipleRegisters  modbus.o
    0x0000198c   0x0000198c   0x00000078   Code   RO          109    .text.writeMultipleReply  modbus.o
    0x00001a04   0x00001a04   0x00000094   Code   RO          103    .text.writeSingleRegister  modbus.o
    0x00001a98   0x00001a98   0x00000020   Data   RO          553    Region$$Table       anon$$obj.o


    Execution Region RW_IRAM1 (Exec base: 0x10000000, Load base: 0x00001ab8, Size: 0x00000fc0, Max: 0x00002000, ABSOLUTE)

    Exec Addr    Load Addr    Size         Type   Attr      Idx    E Section Name        Object

    0x10000000   0x00001ab8   0x00000004   Data   RW          355    .data.SystemCoreClock  system_lpc11xx.o
    0x10000004   0x00001abc   0x00000004   Data   RW           15    .data.dimm          main.o
    0x10000008   0x00001ac0   0x00000004   Data   RW          330    .data.lastState     content.o
    0x1000000c   0x00001ac4   0x00000002   Data   RW          193    .data.ledCount      led_drive.o
    0x1000000e   0x00001ac6   0x00000002   PAD
    0x10000010   0x00001ac8   0x00000004   Data   RW          329    .data.previousState  content.o
    0x10000014   0x00001acc   0x00000001   Data   RW          121    .data.slaveAddress  modbus.o
    0x10000015   0x00001acd   0x00000001   PAD
    0x10000016   0x00001ace   0x00000002   Data   RW           87    .data.uartBaudRate  uart.o
    0x10000018        -       0x00000060   Zero   RW          417    .bss                c_p.l(libspace.o)
    0x10000078        -       0x00000002   Zero   RW          265    .bss.animationRunning  segment_animate.o
    0x1000007a   0x00001ad0   0x00000002   PAD
    0x1000007c        -       0x00000003   Zero   RW          266    .bss.color          segment_animate.o
    0x1000007f   0x00001ad0   0x00000001   PAD
    0x10000080        -       0x00000190   Zero   RW          195    .bss.led            led_drive.o
    0x10000210        -       0x00000004   Zero   RW          194    .bss.ledCounter     led_drive.o
    0x10000214        -       0x00000004   Zero   RW           14    .bss.machineState   main.o
    0x10000218        -       0x00000002   Zero   RW          126    .bss.modbusReceived  modbus.o
    0x1000021a   0x00001ad0   0x00000002   PAD
    0x1000021c        -       0x00000028   Zero   RW          125    .bss.modbusRegisters  modbus.o
    0x10000244        -       0x00000002   Zero   RW          128    .bss.modbusSendBufferLen  modbus.o
    0x10000246        -       0x00000002   Zero   RW          122    .bss.modbusSendPending  modbus.o
    0x10000248        -       0x00000190   Zero   RW          268    .bss.oldLedBuffer   segment_animate.o
    0x100003d8        -       0x00000001   Zero   RW          150    .bss.receiveFlag    interrupts.o
    0x100003d9        -       0x00000001   Zero   RW           88    .bss.receivedChar   uart.o
    0x100003da        -       0x00000002   Zero   RW          124    .bss.registerAddress  modbus.o
    0x100003dc        -       0x00000002   Zero   RW          127    .bss.registerCount  modbus.o
    0x100003de   0x00001ad0   0x00000002   PAD
    0x100003e0        -       0x00000004   Zero   RW           17    .bss.resdly         main.o
    0x100003e4        -       0x00000100   Zero   RW          153    .bss.rxBuff         interrupts.o
    0x100004e4        -       0x00000004   Zero   RW          151    .bss.rxIndice       interrupts.o
    0x100004e8        -       0x00000004   Zero   RW          149    .bss.rxInterval     interrupts.o
    0x100004ec        -       0x000001c0   Zero   RW           19    .bss.s              main.o
    0x100006ac        -       0x00000004   Zero   RW          148    .bss.secCount       interrupts.o
    0x100006b0        -       0x00000001   Zero   RW          152    .bss.secFlag        interrupts.o
    0x100006b1   0x00001ad0   0x00000003   PAD
    0x100006b4        -       0x00000600   Zero   RW          267    .bss.segBuf         segment_animate.o
    0x10000cb4        -       0x00000002   Zero   RW          123    .bss.sh2b           modbus.o
    0x10000cb6   0x00001ad0   0x00000002   PAD
    0x10000cb8        -       0x00000004   Zero   RW           16    .bss.t              main.o
    0x10000cbc        -       0x00000002   Zero   RW          269    .bss.transitionPos  segment_animate.o
    0x10000cbe        -       0x00000001   Zero   RW          270    .bss.transitioning  segment_animate.o
    0x10000cbf        -       0x00000100   Zero   RW          154    .bss.txBuff         interrupts.o
    0x10000dbf   0x00001ad0   0x00000001   PAD
    0x10000dc0        -       0x00000000   Zero   RW          339    HEAP                startup_lpc11xx.o
    0x10000dc0        -       0x00000200   Zero   RW          338    STACK               startup_lpc11xx.o


==============================================================================

Image component sizes


      Code (inc. data)   RO Data    RW Data    ZI Data      Debug   Object Name

       386          8          0          0          0       7349   bezier.o
      1444        204          0          8          0       4774   content.o
       128         32          0          0        526       2456   interrupts.o
       392         32          0          2        404       7722   led_drive.o
       400         56          0          4        460       6225   main.o
      1132        180          0          1         52       6845   modbus.o
      1326         68          0          0       1944       6341   segment_animate.o
        56         26        192          0        512        940   startup_lpc11xx.o
       256         84          0          4          0       2695   system_lpc11xx.o
       180         36          0          2          1       6755   uart.o

    ----------------------------------------------------------------------
      5700        726        224         24       3912      52102   Object Totals
         0          0         32          0          0          0   (incl. Generated)
         0          0          0          3         13          0   (incl. Padding)

    ----------------------------------------------------------------------

      Code (inc. data)   RO Data    RW Data    ZI Data      Debug   Library Member Name

         8          0          0          0          0         68   __main.o
         0          0          0          0          0          0   __rtentry.o
        12          0          0          0          0          0   __rtentry2.o
         6          0          0          0          0          0   __rtentry4.o
        86         10          0          0          0          0   __scatter.o
        26          0          0          0          0          0   __scatter_copy.o
        28          0          0          0          0          0   __scatter_zi.o
       364          4          0          0          0         92   aeabi_sdiv.o
        16          0          0          0          0         68   exit.o
         6          0          0          0          0        136   heapauxi.o
         0          0          0          0          0          0   indicate_semi.o
         2          0          0          0          0          0   libinit.o
         2          0          0          0          0          0   libinit2.o
         2          0          0          0          0          0   libshutdown.o
         2          0          0          0          0          0   libshutdown2.o
         8          4          0          0         96         68   libspace.o
        64          0          0          0          0        108   rt_memclr.o
       186          0          0          0          0        144   rt_memcpy.o
         2          0          0          0          0          0   rtexit.o
        10          0          0          0          0          0   rtexit2.o
        12          4          0          0          0         60   sys_exit.o
        62          0          0          0          0         80   sys_stackheap_outer.o
         2          0          0          0          0         68   use_no_semi.o

    ----------------------------------------------------------------------
       916         22          0          0         96        892   Library Totals
        10          0          0          0          0          0   (incl. Padding)

    ----------------------------------------------------------------------

      Code (inc. data)   RO Data    RW Data    ZI Data      Debug   Library Name

       906         22          0          0         96        892   c_p.l

    ----------------------------------------------------------------------
       916         22          0          0         96        892   Library Totals

    ----------------------------------------------------------------------

==============================================================================


      Code (inc. data)   RO Data    RW Data    ZI Data      Debug   

      6616        748        224         24       4008      52618   Grand Totals
      6616        748        224         24       4008      52618   ELF Image Totals
      6616        748        224         24          0          0   ROM Totals

==============================================================================

    Total RO  Size (Code + RO Data)                 6840 (   6.68kB)
    Total RW  Size (RW Data + ZI Data)              4032 (   3.94kB)
    Total ROM Size (Code + RO Data + RW Data)       6864 (   6.70kB)

==============================================================================

